{
  "Resources": {
    "Vpc8378EB38": {
      "Type": "AWS::EC2::VPC",
      "Properties": {
        "CidrBlock": "10.0.0.0/16",
        "EnableDnsHostnames": true,
        "EnableDnsSupport": true,
        "InstanceTenancy": "default",
        "Tags": [
          {
            "Key": "Name",
            "Value": "aws-ecs-integ/Vpc"
          }
        ]
      }
    },
    "VpcPublicSubnet1Subnet5C2D37C4": {
      "Type": "AWS::EC2::Subnet",
      "Properties": {
        "CidrBlock": "10.0.0.0/18",
        "VpcId": {
          "Ref": "Vpc8378EB38"
        },
        "AvailabilityZone": "test-region-1a",
        "MapPublicIpOnLaunch": true,
        "Tags": [
          {
            "Key": "aws-cdk:subnet-name",
            "Value": "Public"
          },
          {
            "Key": "aws-cdk:subnet-type",
            "Value": "Public"
          },
          {
            "Key": "Name",
            "Value": "aws-ecs-integ/Vpc/PublicSubnet1"
          }
        ]
      }
    },
    "VpcPublicSubnet1RouteTable6C95E38E": {
      "Type": "AWS::EC2::RouteTable",
      "Properties": {
        "VpcId": {
          "Ref": "Vpc8378EB38"
        },
        "Tags": [
          {
            "Key": "Name",
            "Value": "aws-ecs-integ/Vpc/PublicSubnet1"
          }
        ]
      }
    },
    "VpcPublicSubnet1RouteTableAssociation97140677": {
      "Type": "AWS::EC2::SubnetRouteTableAssociation",
      "Properties": {
        "RouteTableId": {
          "Ref": "VpcPublicSubnet1RouteTable6C95E38E"
        },
        "SubnetId": {
          "Ref": "VpcPublicSubnet1Subnet5C2D37C4"
        }
      }
    },
    "VpcPublicSubnet1DefaultRoute3DA9E72A": {
      "Type": "AWS::EC2::Route",
      "Properties": {
        "RouteTableId": {
          "Ref": "VpcPublicSubnet1RouteTable6C95E38E"
        },
        "DestinationCidrBlock": "0.0.0.0/0",
        "GatewayId": {
          "Ref": "VpcIGWD7BA715C"
        }
      },
      "DependsOn": [
        "VpcVPCGWBF912B6E"
      ]
    },
    "VpcPublicSubnet1EIPD7E02669": {
      "Type": "AWS::EC2::EIP",
      "Properties": {
        "Domain": "vpc",
        "Tags": [
          {
            "Key": "Name",
            "Value": "aws-ecs-integ/Vpc/PublicSubnet1"
          }
        ]
      }
    },
    "VpcPublicSubnet1NATGateway4D7517AA": {
      "Type": "AWS::EC2::NatGateway",
      "Properties": {
        "AllocationId": {
          "Fn::GetAtt": [
            "VpcPublicSubnet1EIPD7E02669",
            "AllocationId"
          ]
        },
        "SubnetId": {
          "Ref": "VpcPublicSubnet1Subnet5C2D37C4"
        },
        "Tags": [
          {
            "Key": "Name",
            "Value": "aws-ecs-integ/Vpc/PublicSubnet1"
          }
        ]
      }
    },
    "VpcPublicSubnet2Subnet691E08A3": {
      "Type": "AWS::EC2::Subnet",
      "Properties": {
        "CidrBlock": "10.0.64.0/18",
        "VpcId": {
          "Ref": "Vpc8378EB38"
        },
        "AvailabilityZone": "test-region-1b",
        "MapPublicIpOnLaunch": true,
        "Tags": [
          {
            "Key": "aws-cdk:subnet-name",
            "Value": "Public"
          },
          {
            "Key": "aws-cdk:subnet-type",
            "Value": "Public"
          },
          {
            "Key": "Name",
            "Value": "aws-ecs-integ/Vpc/PublicSubnet2"
          }
        ]
      }
    },
    "VpcPublicSubnet2RouteTable94F7E489": {
      "Type": "AWS::EC2::RouteTable",
      "Properties": {
        "VpcId": {
          "Ref": "Vpc8378EB38"
        },
        "Tags": [
          {
            "Key": "Name",
            "Value": "aws-ecs-integ/Vpc/PublicSubnet2"
          }
        ]
      }
    },
    "VpcPublicSubnet2RouteTableAssociationDD5762D8": {
      "Type": "AWS::EC2::SubnetRouteTableAssociation",
      "Properties": {
        "RouteTableId": {
          "Ref": "VpcPublicSubnet2RouteTable94F7E489"
        },
        "SubnetId": {
          "Ref": "VpcPublicSubnet2Subnet691E08A3"
        }
      }
    },
    "VpcPublicSubnet2DefaultRoute97F91067": {
      "Type": "AWS::EC2::Route",
      "Properties": {
        "RouteTableId": {
          "Ref": "VpcPublicSubnet2RouteTable94F7E489"
        },
        "DestinationCidrBlock": "0.0.0.0/0",
        "GatewayId": {
          "Ref": "VpcIGWD7BA715C"
        }
      },
      "DependsOn": [
        "VpcVPCGWBF912B6E"
      ]
    },
    "VpcPublicSubnet2EIP3C605A87": {
      "Type": "AWS::EC2::EIP",
      "Properties": {
        "Domain": "vpc",
        "Tags": [
          {
            "Key": "Name",
            "Value": "aws-ecs-integ/Vpc/PublicSubnet2"
          }
        ]
      }
    },
    "VpcPublicSubnet2NATGateway9182C01D": {
      "Type": "AWS::EC2::NatGateway",
      "Properties": {
        "AllocationId": {
          "Fn::GetAtt": [
            "VpcPublicSubnet2EIP3C605A87",
            "AllocationId"
          ]
        },
        "SubnetId": {
          "Ref": "VpcPublicSubnet2Subnet691E08A3"
        },
        "Tags": [
          {
            "Key": "Name",
            "Value": "aws-ecs-integ/Vpc/PublicSubnet2"
          }
        ]
      }
    },
    "VpcPrivateSubnet1Subnet536B997A": {
      "Type": "AWS::EC2::Subnet",
      "Properties": {
        "CidrBlock": "10.0.128.0/18",
        "VpcId": {
          "Ref": "Vpc8378EB38"
        },
        "AvailabilityZone": "test-region-1a",
        "MapPublicIpOnLaunch": false,
        "Tags": [
          {
            "Key": "aws-cdk:subnet-name",
            "Value": "Private"
          },
          {
            "Key": "aws-cdk:subnet-type",
            "Value": "Private"
          },
          {
            "Key": "Name",
            "Value": "aws-ecs-integ/Vpc/PrivateSubnet1"
          }
        ]
      }
    },
    "VpcPrivateSubnet1RouteTableB2C5B500": {
      "Type": "AWS::EC2::RouteTable",
      "Properties": {
        "VpcId": {
          "Ref": "Vpc8378EB38"
        },
        "Tags": [
          {
            "Key": "Name",
            "Value": "aws-ecs-integ/Vpc/PrivateSubnet1"
          }
        ]
      }
    },
    "VpcPrivateSubnet1RouteTableAssociation70C59FA6": {
      "Type": "AWS::EC2::SubnetRouteTableAssociation",
      "Properties": {
        "RouteTableId": {
          "Ref": "VpcPrivateSubnet1RouteTableB2C5B500"
        },
        "SubnetId": {
          "Ref": "VpcPrivateSubnet1Subnet536B997A"
        }
      }
    },
    "VpcPrivateSubnet1DefaultRouteBE02A9ED": {
      "Type": "AWS::EC2::Route",
      "Properties": {
        "RouteTableId": {
          "Ref": "VpcPrivateSubnet1RouteTableB2C5B500"
        },
        "DestinationCidrBlock": "0.0.0.0/0",
        "NatGatewayId": {
          "Ref": "VpcPublicSubnet1NATGateway4D7517AA"
        }
      }
    },
    "VpcPrivateSubnet2Subnet3788AAA1": {
      "Type": "AWS::EC2::Subnet",
      "Properties": {
        "CidrBlock": "10.0.192.0/18",
        "VpcId": {
          "Ref": "Vpc8378EB38"
        },
        "AvailabilityZone": "test-region-1b",
        "MapPublicIpOnLaunch": false,
        "Tags": [
          {
            "Key": "aws-cdk:subnet-name",
            "Value": "Private"
          },
          {
            "Key": "aws-cdk:subnet-type",
            "Value": "Private"
          },
          {
            "Key": "Name",
            "Value": "aws-ecs-integ/Vpc/PrivateSubnet2"
          }
        ]
      }
    },
    "VpcPrivateSubnet2RouteTableA678073B": {
      "Type": "AWS::EC2::RouteTable",
      "Properties": {
        "VpcId": {
          "Ref": "Vpc8378EB38"
        },
        "Tags": [
          {
            "Key": "Name",
            "Value": "aws-ecs-integ/Vpc/PrivateSubnet2"
          }
        ]
      }
    },
    "VpcPrivateSubnet2RouteTableAssociationA89CAD56": {
      "Type": "AWS::EC2::SubnetRouteTableAssociation",
      "Properties": {
        "RouteTableId": {
          "Ref": "VpcPrivateSubnet2RouteTableA678073B"
        },
        "SubnetId": {
          "Ref": "VpcPrivateSubnet2Subnet3788AAA1"
        }
      }
    },
    "VpcPrivateSubnet2DefaultRoute060D2087": {
      "Type": "AWS::EC2::Route",
      "Properties": {
        "RouteTableId": {
          "Ref": "VpcPrivateSubnet2RouteTableA678073B"
        },
        "DestinationCidrBlock": "0.0.0.0/0",
        "NatGatewayId": {
          "Ref": "VpcPublicSubnet2NATGateway9182C01D"
        }
      }
    },
    "VpcIGWD7BA715C": {
      "Type": "AWS::EC2::InternetGateway",
      "Properties": {
        "Tags": [
          {
            "Key": "Name",
            "Value": "aws-ecs-integ/Vpc"
          }
        ]
      }
    },
    "VpcVPCGWBF912B6E": {
      "Type": "AWS::EC2::VPCGatewayAttachment",
      "Properties": {
        "VpcId": {
          "Ref": "Vpc8378EB38"
        },
        "InternetGatewayId": {
          "Ref": "VpcIGWD7BA715C"
        }
      }
    },
    "FargateCluster7CCD5F93": {
      "Type": "AWS::ECS::Cluster"
    },
    "TaskDefTaskRole1EDB4A67": {
      "Type": "AWS::IAM::Role",
      "Properties": {
        "AssumeRolePolicyDocument": {
          "Statement": [
            {
              "Action": "sts:AssumeRole",
              "Effect": "Allow",
              "Principal": {
                "Service": "ecs-tasks.amazonaws.com"
              }
            }
          ],
          "Version": "2012-10-17"
        }
      }
    },
    "TaskDef54694570": {
      "Type": "AWS::ECS::TaskDefinition",
      "Properties": {
        "ContainerDefinitions": [
          {
            "Essential": true,
            "Image": "amazon/amazon-ecs-sample",
            "Name": "web",
            "PortMappings": [
              {
                "ContainerPort": 80,
                "Protocol": "tcp"
              }
            ]
          }
        ],
        "Cpu": "512",
        "Family": "awsecsintegTaskDef6FDFB69A",
        "Memory": "1024",
        "NetworkMode": "awsvpc",
        "RequiresCompatibilities": [
          "FARGATE"
        ],
        "TaskRoleArn": {
          "Fn::GetAtt": [
            "TaskDefTaskRole1EDB4A67",
            "Arn"
          ]
        }
      }
    },
    "ServiceD69D759B": {
      "Type": "AWS::ECS::Service",
      "Properties": {
        "Cluster": {
          "Ref": "FargateCluster7CCD5F93"
        },
        "DeploymentConfiguration": {
          "MaximumPercent": 200,
          "MinimumHealthyPercent": 50
        },
        "EnableECSManagedTags": false,
        "HealthCheckGracePeriodSeconds": 60,
        "LaunchType": "FARGATE",
        "LoadBalancers": [
          {
            "ContainerName": "web",
            "ContainerPort": 80,
            "TargetGroupArn": {
              "Ref": "LBPublicListenerECSGroupD6A32205"
            }
          }
        ],
        "NetworkConfiguration": {
          "AwsvpcConfiguration": {
            "AssignPublicIp": "DISABLED",
            "SecurityGroups": [
              {
                "Fn::GetAtt": [
                  "ServiceSecurityGroupC96ED6A7",
                  "GroupId"
                ]
              }
            ],
            "Subnets": [
              {
                "Ref": "VpcPrivateSubnet1Subnet536B997A"
              },
              {
                "Ref": "VpcPrivateSubnet2Subnet3788AAA1"
              }
            ]
          }
        },
        "TaskDefinition": {
          "Ref": "TaskDef54694570"
        }
      },
      "DependsOn": [
        "LBPublicListenerECSGroupD6A32205",
        "LBPublicListener6E1F3D94"
      ]
    },
    "ServiceSecurityGroupC96ED6A7": {
      "Type": "AWS::EC2::SecurityGroup",
      "Properties": {
        "GroupDescription": "aws-ecs-integ/Service/SecurityGroup",
        "SecurityGroupEgress": [
          {
            "CidrIp": "0.0.0.0/0",
            "Description": "Allow all outbound traffic by default",
            "IpProtocol": "-1"
          }
        ],
        "VpcId": {
          "Ref": "Vpc8378EB38"
        }
      }
    },
    "ServiceTaskCountTarget23E25614": {
      "Type": "AWS::ApplicationAutoScaling::ScalableTarget",
      "Properties": {
        "MaxCapacity": 10,
        "MinCapacity": 1,
        "ResourceId": {
          "Fn::Join": [
            "",
            [
              "service/",
              {
                "Ref": "FargateCluster7CCD5F93"
              },
              "/",
              {
                "Fn::GetAtt": [
                  "ServiceD69D759B",
                  "Name"
                ]
              }
            ]
          ]
        },
        "RoleARN": {
          "Fn::Join": [
            "",
            [
              "arn:",
              {
                "Ref": "AWS::Partition"
              },
              ":iam::",
              {
                "Ref": "AWS::AccountId"
              },
              ":role/aws-service-role/ecs.application-autoscaling.amazonaws.com/AWSServiceRoleForApplicationAutoScaling_ECSService"
            ]
          ]
        },
        "ScalableDimension": "ecs:service:DesiredCount",
        "ServiceNamespace": "ecs"
      }
    },
    "ServiceTaskCountTargetReasonableCpu4174EFCE": {
      "Type": "AWS::ApplicationAutoScaling::ScalingPolicy",
      "Properties": {
        "PolicyName": "awsecsintegServiceTaskCountTargetReasonableCpuDB6AEA73",
        "PolicyType": "TargetTrackingScaling",
        "ScalingTargetId": {
          "Ref": "ServiceTaskCountTarget23E25614"
        },
        "TargetTrackingScalingPolicyConfiguration": {
          "PredefinedMetricSpecification": {
            "PredefinedMetricType": "ECSServiceAverageCPUUtilization"
          },
          "TargetValue": 10
        }
      }
    },
    "LB8A12904C": {
      "Type": "AWS::ElasticLoadBalancingV2::LoadBalancer",
      "Properties": {
        "LoadBalancerAttributes": [
          {
            "Key": "deletion_protection.enabled",
            "Value": "false"
          }
        ],
        "Scheme": "internet-facing",
        "Subnets": [
          {
            "Ref": "VpcPublicSubnet1Subnet5C2D37C4"
          },
          {
            "Ref": "VpcPublicSubnet2Subnet691E08A3"
          }
        ],
        "Type": "network"
      },
      "DependsOn": [
        "VpcPublicSubnet1DefaultRoute3DA9E72A",
        "VpcPublicSubnet2DefaultRoute97F91067"
      ]
    },
    "LBPublicListener6E1F3D94": {
      "Type": "AWS::ElasticLoadBalancingV2::Listener",
      "Properties": {
        "DefaultActions": [
          {
            "TargetGroupArn": {
              "Ref": "LBPublicListenerECSGroupD6A32205"
            },
            "Type": "forward"
          }
        ],
        "LoadBalancerArn": {
          "Ref": "LB8A12904C"
        },
        "Port": 80,
        "Protocol": "TCP"
      }
    },
    "LBPublicListenerECSGroupD6A32205": {
      "Type": "AWS::ElasticLoadBalancingV2::TargetGroup",
      "Properties": {
        "Port": 80,
        "Protocol": "TCP",
        "TargetType": "ip",
        "VpcId": {
          "Ref": "Vpc8378EB38"
        }
      }
    }
  },
  "Outputs": {
    "LoadBalancerDNS": {
      "Value": {
        "Fn::GetAtt": [
          "LB8A12904C",
          "DNSName"
        ]
      }
    }
  }
}