{
  "Resources": {
    "SecretA720EF05": {
      "Type": "AWS::SecretsManager::Secret",
      "Properties": {
        "GenerateSecretString": {
          "GenerateStringKey": "password",
          "SecretStringTemplate": "{\"username\":\"user\"}"
        }
      }
    },
    "TaskDefTaskRole1EDB4A67": {
      "Type": "AWS::IAM::Role",
      "Properties": {
        "AssumeRolePolicyDocument": {
          "Statement": [
            {
              "Action": "sts:AssumeRole",
              "Effect": "Allow",
              "Principal": {
                "Service": "ecs-tasks.amazonaws.com"
              }
            }
          ],
          "Version": "2012-10-17"
        }
      }
    },
    "TaskDef54694570": {
      "Type": "AWS::ECS::TaskDefinition",
      "Properties": {
        "ContainerDefinitions": [
          {
            "Essential": true,
            "Image": "amazon/amazon-ecs-sample",
            "Name": "web",
            "Secrets": [
              {
                "Name": "PASSWORD",
                "ValueFrom": {
                  "Fn::Join": [
                    "",
                    [
                      {
                        "Ref": "SecretA720EF05"
                      },
                      ":password::"
                    ]
                  ]
                }
              }
            ]
          }
        ],
        "Cpu": "512",
        "ExecutionRoleArn": {
          "Fn::GetAtt": [
            "TaskDefExecutionRoleB4775C97",
            "Arn"
          ]
        },
        "Family": "awsecsintegsecretjsonkeyTaskDefC01C0E99",
        "Memory": "1024",
        "NetworkMode": "awsvpc",
        "RequiresCompatibilities": [
          "FARGATE"
        ],
        "TaskRoleArn": {
          "Fn::GetAtt": [
            "TaskDefTaskRole1EDB4A67",
            "Arn"
          ]
        }
      }
    },
    "TaskDefExecutionRoleB4775C97": {
      "Type": "AWS::IAM::Role",
      "Properties": {
        "AssumeRolePolicyDocument": {
          "Statement": [
            {
              "Action": "sts:AssumeRole",
              "Effect": "Allow",
              "Principal": {
                "Service": "ecs-tasks.amazonaws.com"
              }
            }
          ],
          "Version": "2012-10-17"
        }
      }
    },
    "TaskDefExecutionRoleDefaultPolicy0DBB737A": {
      "Type": "AWS::IAM::Policy",
      "Properties": {
        "PolicyDocument": {
          "Statement": [
            {
              "Action": "secretsmanager:GetSecretValue",
              "Effect": "Allow",
              "Resource": {
                "Ref": "SecretA720EF05"
              }
            }
          ],
          "Version": "2012-10-17"
        },
        "PolicyName": "TaskDefExecutionRoleDefaultPolicy0DBB737A",
        "Roles": [
          {
            "Ref": "TaskDefExecutionRoleB4775C97"
          }
        ]
      }
    }
  }
}