{
  "Resources": {
    "MyWebsocketApiEBAC53DF": {
      "Type": "AWS::ApiGatewayV2::Api",
      "Properties": {
        "ApiKeySelectionExpression": "$request.header.x-api-key",
        "Name": "MyWebsocketApi",
        "ProtocolType": "WEBSOCKET",
        "RouteSelectionExpression": "$request.body.action"
      }
    }
  }
}