// Jest Snapshot v1, https://goo.gl/fbAQLP

exports[`kinesis source should grant pipe role read access 1`] = `
{
  "MyPipeRoleCBC8E9AB": {
    "Properties": {
      "AssumeRolePolicyDocument": {
        "Statement": [
          {
            "Action": "sts:AssumeRole",
            "Effect": "Allow",
            "Principal": {
              "Service": "pipes.amazonaws.com",
            },
          },
        ],
        "Version": "2012-10-17",
      },
    },
    "Type": "AWS::IAM::Role",
  },
}
`;

exports[`kinesis source should grant pipe role read access 2`] = `
{
  "MyPipeRoleDefaultPolicy31387C20": {
    "Properties": {
      "PolicyDocument": {
        "Statement": [
          {
            "Action": [
              "kinesis:DescribeStreamSummary",
              "kinesis:GetRecords",
              "kinesis:GetShardIterator",
              "kinesis:ListShards",
              "kinesis:SubscribeToShard",
              "kinesis:DescribeStream",
              "kinesis:ListStreams",
              "kinesis:DescribeStreamConsumer",
            ],
            "Effect": "Allow",
            "Resource": {
              "Fn::GetAtt": [
                "MyStream5C050E93",
                "Arn",
              ],
            },
          },
        ],
        "Version": "2012-10-17",
      },
      "PolicyName": "MyPipeRoleDefaultPolicy31387C20",
      "Roles": [
        {
          "Ref": "MyPipeRoleCBC8E9AB",
        },
      ],
    },
    "Type": "AWS::IAM::Policy",
  },
}
`;
