// Jest Snapshot v1, https://goo.gl/fbAQLP

exports[`sqs should grant pipe role read access 1`] = `
{
  "MyPipeRoleCBC8E9AB": {
    "Properties": {
      "AssumeRolePolicyDocument": {
        "Statement": [
          {
            "Action": "sts:AssumeRole",
            "Effect": "Allow",
            "Principal": {
              "Service": "pipes.amazonaws.com",
            },
          },
        ],
        "Version": "2012-10-17",
      },
    },
    "Type": "AWS::IAM::Role",
  },
}
`;

exports[`sqs should grant pipe role read access 2`] = `
{
  "MyPipeRoleDefaultPolicy31387C20": {
    "Properties": {
      "PolicyDocument": {
        "Statement": [
          {
            "Action": [
              "sqs:ReceiveMessage",
              "sqs:ChangeMessageVisibility",
              "sqs:GetQueueUrl",
              "sqs:DeleteMessage",
              "sqs:GetQueueAttributes",
            ],
            "Effect": "Allow",
            "Resource": {
              "Fn::GetAtt": [
                "MySqs4F2D580E",
                "Arn",
              ],
            },
          },
        ],
        "Version": "2012-10-17",
      },
      "PolicyName": "MyPipeRoleDefaultPolicy31387C20",
      "Roles": [
        {
          "Ref": "MyPipeRoleCBC8E9AB",
        },
      ],
    },
    "Type": "AWS::IAM::Policy",
  },
}
`;
