{
  "Resources": {
    "VPCB9E5F0B4": {
      "Type": "AWS::EC2::VPC",
      "Properties": {
        "CidrBlock": "10.0.0.0/16",
        "EnableDnsHostnames": true,
        "EnableDnsSupport": true,
        "InstanceTenancy": "default",
        "Tags": [
          {
            "Key": "Name",
            "Value": "integ-alb-integration/VPC"
          }
        ]
      }
    },
    "VPCPublicSubnet1SubnetB4246D30": {
      "Type": "AWS::EC2::Subnet",
      "Properties": {
        "CidrBlock": "10.0.0.0/19",
        "VpcId": {
          "Ref": "VPCB9E5F0B4"
        },
        "AvailabilityZone": "test-region-1a",
        "MapPublicIpOnLaunch": true,
        "Tags": [
          {
            "Key": "aws-cdk:subnet-name",
            "Value": "Public"
          },
          {
            "Key": "aws-cdk:subnet-type",
            "Value": "Public"
          },
          {
            "Key": "Name",
            "Value": "integ-alb-integration/VPC/PublicSubnet1"
          }
        ]
      }
    },
    "VPCPublicSubnet1RouteTableFEE4B781": {
      "Type": "AWS::EC2::RouteTable",
      "Properties": {
        "VpcId": {
          "Ref": "VPCB9E5F0B4"
        },
        "Tags": [
          {
            "Key": "Name",
            "Value": "integ-alb-integration/VPC/PublicSubnet1"
          }
        ]
      }
    },
    "VPCPublicSubnet1RouteTableAssociation0B0896DC": {
      "Type": "AWS::EC2::SubnetRouteTableAssociation",
      "Properties": {
        "RouteTableId": {
          "Ref": "VPCPublicSubnet1RouteTableFEE4B781"
        },
        "SubnetId": {
          "Ref": "VPCPublicSubnet1SubnetB4246D30"
        }
      }
    },
    "VPCPublicSubnet1DefaultRoute91CEF279": {
      "Type": "AWS::EC2::Route",
      "Properties": {
        "RouteTableId": {
          "Ref": "VPCPublicSubnet1RouteTableFEE4B781"
        },
        "DestinationCidrBlock": "0.0.0.0/0",
        "GatewayId": {
          "Ref": "VPCIGWB7E252D3"
        }
      },
      "DependsOn": [
        "VPCVPCGW99B986DC"
      ]
    },
    "VPCPublicSubnet1EIP6AD938E8": {
      "Type": "AWS::EC2::EIP",
      "Properties": {
        "Domain": "vpc",
        "Tags": [
          {
            "Key": "Name",
            "Value": "integ-alb-integration/VPC/PublicSubnet1"
          }
        ]
      }
    },
    "VPCPublicSubnet1NATGatewayE0556630": {
      "Type": "AWS::EC2::NatGateway",
      "Properties": {
        "AllocationId": {
          "Fn::GetAtt": [
            "VPCPublicSubnet1EIP6AD938E8",
            "AllocationId"
          ]
        },
        "SubnetId": {
          "Ref": "VPCPublicSubnet1SubnetB4246D30"
        },
        "Tags": [
          {
            "Key": "Name",
            "Value": "integ-alb-integration/VPC/PublicSubnet1"
          }
        ]
      }
    },
    "VPCPublicSubnet2Subnet74179F39": {
      "Type": "AWS::EC2::Subnet",
      "Properties": {
        "CidrBlock": "10.0.32.0/19",
        "VpcId": {
          "Ref": "VPCB9E5F0B4"
        },
        "AvailabilityZone": "test-region-1b",
        "MapPublicIpOnLaunch": true,
        "Tags": [
          {
            "Key": "aws-cdk:subnet-name",
            "Value": "Public"
          },
          {
            "Key": "aws-cdk:subnet-type",
            "Value": "Public"
          },
          {
            "Key": "Name",
            "Value": "integ-alb-integration/VPC/PublicSubnet2"
          }
        ]
      }
    },
    "VPCPublicSubnet2RouteTable6F1A15F1": {
      "Type": "AWS::EC2::RouteTable",
      "Properties": {
        "VpcId": {
          "Ref": "VPCB9E5F0B4"
        },
        "Tags": [
          {
            "Key": "Name",
            "Value": "integ-alb-integration/VPC/PublicSubnet2"
          }
        ]
      }
    },
    "VPCPublicSubnet2RouteTableAssociation5A808732": {
      "Type": "AWS::EC2::SubnetRouteTableAssociation",
      "Properties": {
        "RouteTableId": {
          "Ref": "VPCPublicSubnet2RouteTable6F1A15F1"
        },
        "SubnetId": {
          "Ref": "VPCPublicSubnet2Subnet74179F39"
        }
      }
    },
    "VPCPublicSubnet2DefaultRouteB7481BBA": {
      "Type": "AWS::EC2::Route",
      "Properties": {
        "RouteTableId": {
          "Ref": "VPCPublicSubnet2RouteTable6F1A15F1"
        },
        "DestinationCidrBlock": "0.0.0.0/0",
        "GatewayId": {
          "Ref": "VPCIGWB7E252D3"
        }
      },
      "DependsOn": [
        "VPCVPCGW99B986DC"
      ]
    },
    "VPCPublicSubnet2EIP4947BC00": {
      "Type": "AWS::EC2::EIP",
      "Properties": {
        "Domain": "vpc",
        "Tags": [
          {
            "Key": "Name",
            "Value": "integ-alb-integration/VPC/PublicSubnet2"
          }
        ]
      }
    },
    "VPCPublicSubnet2NATGateway3C070193": {
      "Type": "AWS::EC2::NatGateway",
      "Properties": {
        "AllocationId": {
          "Fn::GetAtt": [
            "VPCPublicSubnet2EIP4947BC00",
            "AllocationId"
          ]
        },
        "SubnetId": {
          "Ref": "VPCPublicSubnet2Subnet74179F39"
        },
        "Tags": [
          {
            "Key": "Name",
            "Value": "integ-alb-integration/VPC/PublicSubnet2"
          }
        ]
      }
    },
    "VPCPublicSubnet3Subnet631C5E25": {
      "Type": "AWS::EC2::Subnet",
      "Properties": {
        "CidrBlock": "10.0.64.0/19",
        "VpcId": {
          "Ref": "VPCB9E5F0B4"
        },
        "AvailabilityZone": "test-region-1c",
        "MapPublicIpOnLaunch": true,
        "Tags": [
          {
            "Key": "aws-cdk:subnet-name",
            "Value": "Public"
          },
          {
            "Key": "aws-cdk:subnet-type",
            "Value": "Public"
          },
          {
            "Key": "Name",
            "Value": "integ-alb-integration/VPC/PublicSubnet3"
          }
        ]
      }
    },
    "VPCPublicSubnet3RouteTable98AE0E14": {
      "Type": "AWS::EC2::RouteTable",
      "Properties": {
        "VpcId": {
          "Ref": "VPCB9E5F0B4"
        },
        "Tags": [
          {
            "Key": "Name",
            "Value": "integ-alb-integration/VPC/PublicSubnet3"
          }
        ]
      }
    },
    "VPCPublicSubnet3RouteTableAssociation427FE0C6": {
      "Type": "AWS::EC2::SubnetRouteTableAssociation",
      "Properties": {
        "RouteTableId": {
          "Ref": "VPCPublicSubnet3RouteTable98AE0E14"
        },
        "SubnetId": {
          "Ref": "VPCPublicSubnet3Subnet631C5E25"
        }
      }
    },
    "VPCPublicSubnet3DefaultRouteA0D29D46": {
      "Type": "AWS::EC2::Route",
      "Properties": {
        "RouteTableId": {
          "Ref": "VPCPublicSubnet3RouteTable98AE0E14"
        },
        "DestinationCidrBlock": "0.0.0.0/0",
        "GatewayId": {
          "Ref": "VPCIGWB7E252D3"
        }
      },
      "DependsOn": [
        "VPCVPCGW99B986DC"
      ]
    },
    "VPCPublicSubnet3EIPAD4BC883": {
      "Type": "AWS::EC2::EIP",
      "Properties": {
        "Domain": "vpc",
        "Tags": [
          {
            "Key": "Name",
            "Value": "integ-alb-integration/VPC/PublicSubnet3"
          }
        ]
      }
    },
    "VPCPublicSubnet3NATGatewayD3048F5C": {
      "Type": "AWS::EC2::NatGateway",
      "Properties": {
        "AllocationId": {
          "Fn::GetAtt": [
            "VPCPublicSubnet3EIPAD4BC883",
            "AllocationId"
          ]
        },
        "SubnetId": {
          "Ref": "VPCPublicSubnet3Subnet631C5E25"
        },
        "Tags": [
          {
            "Key": "Name",
            "Value": "integ-alb-integration/VPC/PublicSubnet3"
          }
        ]
      }
    },
    "VPCPrivateSubnet1Subnet8BCA10E0": {
      "Type": "AWS::EC2::Subnet",
      "Properties": {
        "CidrBlock": "10.0.96.0/19",
        "VpcId": {
          "Ref": "VPCB9E5F0B4"
        },
        "AvailabilityZone": "test-region-1a",
        "MapPublicIpOnLaunch": false,
        "Tags": [
          {
            "Key": "aws-cdk:subnet-name",
            "Value": "Private"
          },
          {
            "Key": "aws-cdk:subnet-type",
            "Value": "Private"
          },
          {
            "Key": "Name",
            "Value": "integ-alb-integration/VPC/PrivateSubnet1"
          }
        ]
      }
    },
    "VPCPrivateSubnet1RouteTableBE8A6027": {
      "Type": "AWS::EC2::RouteTable",
      "Properties": {
        "VpcId": {
          "Ref": "VPCB9E5F0B4"
        },
        "Tags": [
          {
            "Key": "Name",
            "Value": "integ-alb-integration/VPC/PrivateSubnet1"
          }
        ]
      }
    },
    "VPCPrivateSubnet1RouteTableAssociation347902D1": {
      "Type": "AWS::EC2::SubnetRouteTableAssociation",
      "Properties": {
        "RouteTableId": {
          "Ref": "VPCPrivateSubnet1RouteTableBE8A6027"
        },
        "SubnetId": {
          "Ref": "VPCPrivateSubnet1Subnet8BCA10E0"
        }
      }
    },
    "VPCPrivateSubnet1DefaultRouteAE1D6490": {
      "Type": "AWS::EC2::Route",
      "Properties": {
        "RouteTableId": {
          "Ref": "VPCPrivateSubnet1RouteTableBE8A6027"
        },
        "DestinationCidrBlock": "0.0.0.0/0",
        "NatGatewayId": {
          "Ref": "VPCPublicSubnet1NATGatewayE0556630"
        }
      }
    },
    "VPCPrivateSubnet2SubnetCFCDAA7A": {
      "Type": "AWS::EC2::Subnet",
      "Properties": {
        "CidrBlock": "10.0.128.0/19",
        "VpcId": {
          "Ref": "VPCB9E5F0B4"
        },
        "AvailabilityZone": "test-region-1b",
        "MapPublicIpOnLaunch": false,
        "Tags": [
          {
            "Key": "aws-cdk:subnet-name",
            "Value": "Private"
          },
          {
            "Key": "aws-cdk:subnet-type",
            "Value": "Private"
          },
          {
            "Key": "Name",
            "Value": "integ-alb-integration/VPC/PrivateSubnet2"
          }
        ]
      }
    },
    "VPCPrivateSubnet2RouteTable0A19E10E": {
      "Type": "AWS::EC2::RouteTable",
      "Properties": {
        "VpcId": {
          "Ref": "VPCB9E5F0B4"
        },
        "Tags": [
          {
            "Key": "Name",
            "Value": "integ-alb-integration/VPC/PrivateSubnet2"
          }
        ]
      }
    },
    "VPCPrivateSubnet2RouteTableAssociation0C73D413": {
      "Type": "AWS::EC2::SubnetRouteTableAssociation",
      "Properties": {
        "RouteTableId": {
          "Ref": "VPCPrivateSubnet2RouteTable0A19E10E"
        },
        "SubnetId": {
          "Ref": "VPCPrivateSubnet2SubnetCFCDAA7A"
        }
      }
    },
    "VPCPrivateSubnet2DefaultRouteF4F5CFD2": {
      "Type": "AWS::EC2::Route",
      "Properties": {
        "RouteTableId": {
          "Ref": "VPCPrivateSubnet2RouteTable0A19E10E"
        },
        "DestinationCidrBlock": "0.0.0.0/0",
        "NatGatewayId": {
          "Ref": "VPCPublicSubnet2NATGateway3C070193"
        }
      }
    },
    "VPCPrivateSubnet3Subnet3EDCD457": {
      "Type": "AWS::EC2::Subnet",
      "Properties": {
        "CidrBlock": "10.0.160.0/19",
        "VpcId": {
          "Ref": "VPCB9E5F0B4"
        },
        "AvailabilityZone": "test-region-1c",
        "MapPublicIpOnLaunch": false,
        "Tags": [
          {
            "Key": "aws-cdk:subnet-name",
            "Value": "Private"
          },
          {
            "Key": "aws-cdk:subnet-type",
            "Value": "Private"
          },
          {
            "Key": "Name",
            "Value": "integ-alb-integration/VPC/PrivateSubnet3"
          }
        ]
      }
    },
    "VPCPrivateSubnet3RouteTable192186F8": {
      "Type": "AWS::EC2::RouteTable",
      "Properties": {
        "VpcId": {
          "Ref": "VPCB9E5F0B4"
        },
        "Tags": [
          {
            "Key": "Name",
            "Value": "integ-alb-integration/VPC/PrivateSubnet3"
          }
        ]
      }
    },
    "VPCPrivateSubnet3RouteTableAssociationC28D144E": {
      "Type": "AWS::EC2::SubnetRouteTableAssociation",
      "Properties": {
        "RouteTableId": {
          "Ref": "VPCPrivateSubnet3RouteTable192186F8"
        },
        "SubnetId": {
          "Ref": "VPCPrivateSubnet3Subnet3EDCD457"
        }
      }
    },
    "VPCPrivateSubnet3DefaultRoute27F311AE": {
      "Type": "AWS::EC2::Route",
      "Properties": {
        "RouteTableId": {
          "Ref": "VPCPrivateSubnet3RouteTable192186F8"
        },
        "DestinationCidrBlock": "0.0.0.0/0",
        "NatGatewayId": {
          "Ref": "VPCPublicSubnet3NATGatewayD3048F5C"
        }
      }
    },
    "VPCIGWB7E252D3": {
      "Type": "AWS::EC2::InternetGateway",
      "Properties": {
        "Tags": [
          {
            "Key": "Name",
            "Value": "integ-alb-integration/VPC"
          }
        ]
      }
    },
    "VPCVPCGW99B986DC": {
      "Type": "AWS::EC2::VPCGatewayAttachment",
      "Properties": {
        "VpcId": {
          "Ref": "VPCB9E5F0B4"
        },
        "InternetGatewayId": {
          "Ref": "VPCIGWB7E252D3"
        }
      }
    },
    "lbA35910C5": {
      "Type": "AWS::ElasticLoadBalancingV2::LoadBalancer",
      "Properties": {
        "LoadBalancerAttributes": [
          {
            "Key": "deletion_protection.enabled",
            "Value": "false"
          }
        ],
        "Scheme": "internal",
        "SecurityGroups": [
          {
            "Fn::GetAtt": [
              "lbSecurityGroup47B6F855",
              "GroupId"
            ]
          }
        ],
        "Subnets": [
          {
            "Ref": "VPCPrivateSubnet1Subnet8BCA10E0"
          },
          {
            "Ref": "VPCPrivateSubnet2SubnetCFCDAA7A"
          },
          {
            "Ref": "VPCPrivateSubnet3Subnet3EDCD457"
          }
        ],
        "Type": "application"
      }
    },
    "lbSecurityGroup47B6F855": {
      "Type": "AWS::EC2::SecurityGroup",
      "Properties": {
        "GroupDescription": "Automatically created Security Group for ELB integalbintegrationlb02F792D5",
        "SecurityGroupEgress": [
          {
            "CidrIp": "255.255.255.255/32",
            "Description": "Disallow all traffic",
            "FromPort": 252,
            "IpProtocol": "icmp",
            "ToPort": 86
          }
        ],
        "SecurityGroupIngress": [
          {
            "CidrIp": "0.0.0.0/0",
            "Description": "Allow from anyone on port 80",
            "FromPort": 80,
            "IpProtocol": "tcp",
            "ToPort": 80
          }
        ],
        "VpcId": {
          "Ref": "VPCB9E5F0B4"
        }
      }
    },
    "lblistener657ADDEC": {
      "Type": "AWS::ElasticLoadBalancingV2::Listener",
      "Properties": {
        "DefaultActions": [
          {
            "FixedResponseConfig": {
              "StatusCode": "200"
            },
            "Type": "fixed-response"
          }
        ],
        "LoadBalancerArn": {
          "Ref": "lbA35910C5"
        },
        "Port": 80,
        "Protocol": "HTTP"
      }
    },
    "lblistenertargetGroupC7489D1E": {
      "Type": "AWS::ElasticLoadBalancingV2::TargetGroup",
      "Properties": {
        "Port": 80,
        "Protocol": "HTTP",
        "VpcId": {
          "Ref": "VPCB9E5F0B4"
        }
      }
    },
    "HttpProxyPrivateApiA55E154D": {
      "Type": "AWS::ApiGatewayV2::Api",
      "Properties": {
        "Name": "HttpProxyPrivateApi",
        "ProtocolType": "HTTP"
      }
    },
    "HttpProxyPrivateApiDefaultRoute1BDCA252": {
      "Type": "AWS::ApiGatewayV2::Route",
      "Properties": {
        "ApiId": {
          "Ref": "HttpProxyPrivateApiA55E154D"
        },
        "RouteKey": "$default",
        "Target": {
          "Fn::Join": [
            "",
            [
              "integrations/",
              {
                "Ref": "HttpProxyPrivateApiHttpIntegrationa4f5237945b4bba2a6a4cd8c5a7be8839B686B4E"
              }
            ]
          ]
        }
      }
    },
    "HttpProxyPrivateApiVpcLink190366CAE": {
      "Type": "AWS::ApiGatewayV2::VpcLink",
      "Properties": {
        "Name": "integalbintegrationHttpProxyPrivateApiVpcLink125175F29",
        "SubnetIds": [
          {
            "Ref": "VPCPrivateSubnet1Subnet8BCA10E0"
          },
          {
            "Ref": "VPCPrivateSubnet2SubnetCFCDAA7A"
          },
          {
            "Ref": "VPCPrivateSubnet3Subnet3EDCD457"
          }
        ],
        "SecurityGroupIds": []
      }
    },
    "HttpProxyPrivateApiHttpIntegrationa4f5237945b4bba2a6a4cd8c5a7be8839B686B4E": {
      "Type": "AWS::ApiGatewayV2::Integration",
      "Properties": {
        "ApiId": {
          "Ref": "HttpProxyPrivateApiA55E154D"
        },
        "IntegrationType": "HTTP_PROXY",
        "ConnectionId": {
          "Ref": "HttpProxyPrivateApiVpcLink190366CAE"
        },
        "ConnectionType": "VPC_LINK",
        "IntegrationMethod": "ANY",
        "IntegrationUri": {
          "Ref": "lblistener657ADDEC"
        },
        "PayloadFormatVersion": "1.0"
      }
    },
    "HttpProxyPrivateApiDefaultStage18B3706E": {
      "Type": "AWS::ApiGatewayV2::Stage",
      "Properties": {
        "ApiId": {
          "Ref": "HttpProxyPrivateApiA55E154D"
        },
        "StageName": "$default",
        "AutoDeploy": true
      }
    }
  },
  "Outputs": {
    "Endpoint": {
      "Value": {
        "Fn::Join": [
          "",
          [
            "https://",
            {
              "Ref": "HttpProxyPrivateApiA55E154D"
            },
            ".execute-api.",
            {
              "Ref": "AWS::Region"
            },
            ".",
            {
              "Ref": "AWS::URLSuffix"
            },
            "/"
          ]
        ]
      }
    }
  }
}