{
  "Resources": {
    "VPCB9E5F0B4": {
      "Type": "AWS::EC2::VPC",
      "Properties": {
        "CidrBlock": "10.0.0.0/16",
        "EnableDnsHostnames": true,
        "EnableDnsSupport": true,
        "InstanceTenancy": "default",
        "Tags": [
          {
            "Key": "Name",
            "Value": "aws-ecs-patterns-queue-public/VPC"
          }
        ]
      }
    },
    "VPCPublicSubnet1SubnetB4246D30": {
      "Type": "AWS::EC2::Subnet",
      "Properties": {
        "CidrBlock": "10.0.0.0/19",
        "VpcId": {
          "Ref": "VPCB9E5F0B4"
        },
        "AvailabilityZone": "test-region-1a",
        "MapPublicIpOnLaunch": true,
        "Tags": [
          {
            "Key": "aws-cdk:subnet-name",
            "Value": "Public"
          },
          {
            "Key": "aws-cdk:subnet-type",
            "Value": "Public"
          },
          {
            "Key": "Name",
            "Value": "aws-ecs-patterns-queue-public/VPC/PublicSubnet1"
          }
        ]
      }
    },
    "VPCPublicSubnet1RouteTableFEE4B781": {
      "Type": "AWS::EC2::RouteTable",
      "Properties": {
        "VpcId": {
          "Ref": "VPCB9E5F0B4"
        },
        "Tags": [
          {
            "Key": "Name",
            "Value": "aws-ecs-patterns-queue-public/VPC/PublicSubnet1"
          }
        ]
      }
    },
    "VPCPublicSubnet1RouteTableAssociation0B0896DC": {
      "Type": "AWS::EC2::SubnetRouteTableAssociation",
      "Properties": {
        "RouteTableId": {
          "Ref": "VPCPublicSubnet1RouteTableFEE4B781"
        },
        "SubnetId": {
          "Ref": "VPCPublicSubnet1SubnetB4246D30"
        }
      }
    },
    "VPCPublicSubnet1DefaultRoute91CEF279": {
      "Type": "AWS::EC2::Route",
      "Properties": {
        "RouteTableId": {
          "Ref": "VPCPublicSubnet1RouteTableFEE4B781"
        },
        "DestinationCidrBlock": "0.0.0.0/0",
        "GatewayId": {
          "Ref": "VPCIGWB7E252D3"
        }
      },
      "DependsOn": [
        "VPCVPCGW99B986DC"
      ]
    },
    "VPCPublicSubnet1EIP6AD938E8": {
      "Type": "AWS::EC2::EIP",
      "Properties": {
        "Domain": "vpc",
        "Tags": [
          {
            "Key": "Name",
            "Value": "aws-ecs-patterns-queue-public/VPC/PublicSubnet1"
          }
        ]
      }
    },
    "VPCPublicSubnet1NATGatewayE0556630": {
      "Type": "AWS::EC2::NatGateway",
      "Properties": {
        "AllocationId": {
          "Fn::GetAtt": [
            "VPCPublicSubnet1EIP6AD938E8",
            "AllocationId"
          ]
        },
        "SubnetId": {
          "Ref": "VPCPublicSubnet1SubnetB4246D30"
        },
        "Tags": [
          {
            "Key": "Name",
            "Value": "aws-ecs-patterns-queue-public/VPC/PublicSubnet1"
          }
        ]
      }
    },
    "VPCPublicSubnet2Subnet74179F39": {
      "Type": "AWS::EC2::Subnet",
      "Properties": {
        "CidrBlock": "10.0.32.0/19",
        "VpcId": {
          "Ref": "VPCB9E5F0B4"
        },
        "AvailabilityZone": "test-region-1b",
        "MapPublicIpOnLaunch": true,
        "Tags": [
          {
            "Key": "aws-cdk:subnet-name",
            "Value": "Public"
          },
          {
            "Key": "aws-cdk:subnet-type",
            "Value": "Public"
          },
          {
            "Key": "Name",
            "Value": "aws-ecs-patterns-queue-public/VPC/PublicSubnet2"
          }
        ]
      }
    },
    "VPCPublicSubnet2RouteTable6F1A15F1": {
      "Type": "AWS::EC2::RouteTable",
      "Properties": {
        "VpcId": {
          "Ref": "VPCB9E5F0B4"
        },
        "Tags": [
          {
            "Key": "Name",
            "Value": "aws-ecs-patterns-queue-public/VPC/PublicSubnet2"
          }
        ]
      }
    },
    "VPCPublicSubnet2RouteTableAssociation5A808732": {
      "Type": "AWS::EC2::SubnetRouteTableAssociation",
      "Properties": {
        "RouteTableId": {
          "Ref": "VPCPublicSubnet2RouteTable6F1A15F1"
        },
        "SubnetId": {
          "Ref": "VPCPublicSubnet2Subnet74179F39"
        }
      }
    },
    "VPCPublicSubnet2DefaultRouteB7481BBA": {
      "Type": "AWS::EC2::Route",
      "Properties": {
        "RouteTableId": {
          "Ref": "VPCPublicSubnet2RouteTable6F1A15F1"
        },
        "DestinationCidrBlock": "0.0.0.0/0",
        "GatewayId": {
          "Ref": "VPCIGWB7E252D3"
        }
      },
      "DependsOn": [
        "VPCVPCGW99B986DC"
      ]
    },
    "VPCPublicSubnet2EIP4947BC00": {
      "Type": "AWS::EC2::EIP",
      "Properties": {
        "Domain": "vpc",
        "Tags": [
          {
            "Key": "Name",
            "Value": "aws-ecs-patterns-queue-public/VPC/PublicSubnet2"
          }
        ]
      }
    },
    "VPCPublicSubnet2NATGateway3C070193": {
      "Type": "AWS::EC2::NatGateway",
      "Properties": {
        "AllocationId": {
          "Fn::GetAtt": [
            "VPCPublicSubnet2EIP4947BC00",
            "AllocationId"
          ]
        },
        "SubnetId": {
          "Ref": "VPCPublicSubnet2Subnet74179F39"
        },
        "Tags": [
          {
            "Key": "Name",
            "Value": "aws-ecs-patterns-queue-public/VPC/PublicSubnet2"
          }
        ]
      }
    },
    "VPCPublicSubnet3Subnet631C5E25": {
      "Type": "AWS::EC2::Subnet",
      "Properties": {
        "CidrBlock": "10.0.64.0/19",
        "VpcId": {
          "Ref": "VPCB9E5F0B4"
        },
        "AvailabilityZone": "test-region-1c",
        "MapPublicIpOnLaunch": true,
        "Tags": [
          {
            "Key": "aws-cdk:subnet-name",
            "Value": "Public"
          },
          {
            "Key": "aws-cdk:subnet-type",
            "Value": "Public"
          },
          {
            "Key": "Name",
            "Value": "aws-ecs-patterns-queue-public/VPC/PublicSubnet3"
          }
        ]
      }
    },
    "VPCPublicSubnet3RouteTable98AE0E14": {
      "Type": "AWS::EC2::RouteTable",
      "Properties": {
        "VpcId": {
          "Ref": "VPCB9E5F0B4"
        },
        "Tags": [
          {
            "Key": "Name",
            "Value": "aws-ecs-patterns-queue-public/VPC/PublicSubnet3"
          }
        ]
      }
    },
    "VPCPublicSubnet3RouteTableAssociation427FE0C6": {
      "Type": "AWS::EC2::SubnetRouteTableAssociation",
      "Properties": {
        "RouteTableId": {
          "Ref": "VPCPublicSubnet3RouteTable98AE0E14"
        },
        "SubnetId": {
          "Ref": "VPCPublicSubnet3Subnet631C5E25"
        }
      }
    },
    "VPCPublicSubnet3DefaultRouteA0D29D46": {
      "Type": "AWS::EC2::Route",
      "Properties": {
        "RouteTableId": {
          "Ref": "VPCPublicSubnet3RouteTable98AE0E14"
        },
        "DestinationCidrBlock": "0.0.0.0/0",
        "GatewayId": {
          "Ref": "VPCIGWB7E252D3"
        }
      },
      "DependsOn": [
        "VPCVPCGW99B986DC"
      ]
    },
    "VPCPublicSubnet3EIPAD4BC883": {
      "Type": "AWS::EC2::EIP",
      "Properties": {
        "Domain": "vpc",
        "Tags": [
          {
            "Key": "Name",
            "Value": "aws-ecs-patterns-queue-public/VPC/PublicSubnet3"
          }
        ]
      }
    },
    "VPCPublicSubnet3NATGatewayD3048F5C": {
      "Type": "AWS::EC2::NatGateway",
      "Properties": {
        "AllocationId": {
          "Fn::GetAtt": [
            "VPCPublicSubnet3EIPAD4BC883",
            "AllocationId"
          ]
        },
        "SubnetId": {
          "Ref": "VPCPublicSubnet3Subnet631C5E25"
        },
        "Tags": [
          {
            "Key": "Name",
            "Value": "aws-ecs-patterns-queue-public/VPC/PublicSubnet3"
          }
        ]
      }
    },
    "VPCPrivateSubnet1Subnet8BCA10E0": {
      "Type": "AWS::EC2::Subnet",
      "Properties": {
        "CidrBlock": "10.0.96.0/19",
        "VpcId": {
          "Ref": "VPCB9E5F0B4"
        },
        "AvailabilityZone": "test-region-1a",
        "MapPublicIpOnLaunch": false,
        "Tags": [
          {
            "Key": "aws-cdk:subnet-name",
            "Value": "Private"
          },
          {
            "Key": "aws-cdk:subnet-type",
            "Value": "Private"
          },
          {
            "Key": "Name",
            "Value": "aws-ecs-patterns-queue-public/VPC/PrivateSubnet1"
          }
        ]
      }
    },
    "VPCPrivateSubnet1RouteTableBE8A6027": {
      "Type": "AWS::EC2::RouteTable",
      "Properties": {
        "VpcId": {
          "Ref": "VPCB9E5F0B4"
        },
        "Tags": [
          {
            "Key": "Name",
            "Value": "aws-ecs-patterns-queue-public/VPC/PrivateSubnet1"
          }
        ]
      }
    },
    "VPCPrivateSubnet1RouteTableAssociation347902D1": {
      "Type": "AWS::EC2::SubnetRouteTableAssociation",
      "Properties": {
        "RouteTableId": {
          "Ref": "VPCPrivateSubnet1RouteTableBE8A6027"
        },
        "SubnetId": {
          "Ref": "VPCPrivateSubnet1Subnet8BCA10E0"
        }
      }
    },
    "VPCPrivateSubnet1DefaultRouteAE1D6490": {
      "Type": "AWS::EC2::Route",
      "Properties": {
        "RouteTableId": {
          "Ref": "VPCPrivateSubnet1RouteTableBE8A6027"
        },
        "DestinationCidrBlock": "0.0.0.0/0",
        "NatGatewayId": {
          "Ref": "VPCPublicSubnet1NATGatewayE0556630"
        }
      }
    },
    "VPCPrivateSubnet2SubnetCFCDAA7A": {
      "Type": "AWS::EC2::Subnet",
      "Properties": {
        "CidrBlock": "10.0.128.0/19",
        "VpcId": {
          "Ref": "VPCB9E5F0B4"
        },
        "AvailabilityZone": "test-region-1b",
        "MapPublicIpOnLaunch": false,
        "Tags": [
          {
            "Key": "aws-cdk:subnet-name",
            "Value": "Private"
          },
          {
            "Key": "aws-cdk:subnet-type",
            "Value": "Private"
          },
          {
            "Key": "Name",
            "Value": "aws-ecs-patterns-queue-public/VPC/PrivateSubnet2"
          }
        ]
      }
    },
    "VPCPrivateSubnet2RouteTable0A19E10E": {
      "Type": "AWS::EC2::RouteTable",
      "Properties": {
        "VpcId": {
          "Ref": "VPCB9E5F0B4"
        },
        "Tags": [
          {
            "Key": "Name",
            "Value": "aws-ecs-patterns-queue-public/VPC/PrivateSubnet2"
          }
        ]
      }
    },
    "VPCPrivateSubnet2RouteTableAssociation0C73D413": {
      "Type": "AWS::EC2::SubnetRouteTableAssociation",
      "Properties": {
        "RouteTableId": {
          "Ref": "VPCPrivateSubnet2RouteTable0A19E10E"
        },
        "SubnetId": {
          "Ref": "VPCPrivateSubnet2SubnetCFCDAA7A"
        }
      }
    },
    "VPCPrivateSubnet2DefaultRouteF4F5CFD2": {
      "Type": "AWS::EC2::Route",
      "Properties": {
        "RouteTableId": {
          "Ref": "VPCPrivateSubnet2RouteTable0A19E10E"
        },
        "DestinationCidrBlock": "0.0.0.0/0",
        "NatGatewayId": {
          "Ref": "VPCPublicSubnet2NATGateway3C070193"
        }
      }
    },
    "VPCPrivateSubnet3Subnet3EDCD457": {
      "Type": "AWS::EC2::Subnet",
      "Properties": {
        "CidrBlock": "10.0.160.0/19",
        "VpcId": {
          "Ref": "VPCB9E5F0B4"
        },
        "AvailabilityZone": "test-region-1c",
        "MapPublicIpOnLaunch": false,
        "Tags": [
          {
            "Key": "aws-cdk:subnet-name",
            "Value": "Private"
          },
          {
            "Key": "aws-cdk:subnet-type",
            "Value": "Private"
          },
          {
            "Key": "Name",
            "Value": "aws-ecs-patterns-queue-public/VPC/PrivateSubnet3"
          }
        ]
      }
    },
    "VPCPrivateSubnet3RouteTable192186F8": {
      "Type": "AWS::EC2::RouteTable",
      "Properties": {
        "VpcId": {
          "Ref": "VPCB9E5F0B4"
        },
        "Tags": [
          {
            "Key": "Name",
            "Value": "aws-ecs-patterns-queue-public/VPC/PrivateSubnet3"
          }
        ]
      }
    },
    "VPCPrivateSubnet3RouteTableAssociationC28D144E": {
      "Type": "AWS::EC2::SubnetRouteTableAssociation",
      "Properties": {
        "RouteTableId": {
          "Ref": "VPCPrivateSubnet3RouteTable192186F8"
        },
        "SubnetId": {
          "Ref": "VPCPrivateSubnet3Subnet3EDCD457"
        }
      }
    },
    "VPCPrivateSubnet3DefaultRoute27F311AE": {
      "Type": "AWS::EC2::Route",
      "Properties": {
        "RouteTableId": {
          "Ref": "VPCPrivateSubnet3RouteTable192186F8"
        },
        "DestinationCidrBlock": "0.0.0.0/0",
        "NatGatewayId": {
          "Ref": "VPCPublicSubnet3NATGatewayD3048F5C"
        }
      }
    },
    "VPCIGWB7E252D3": {
      "Type": "AWS::EC2::InternetGateway",
      "Properties": {
        "Tags": [
          {
            "Key": "Name",
            "Value": "aws-ecs-patterns-queue-public/VPC"
          }
        ]
      }
    },
    "VPCVPCGW99B986DC": {
      "Type": "AWS::EC2::VPCGatewayAttachment",
      "Properties": {
        "VpcId": {
          "Ref": "VPCB9E5F0B4"
        },
        "InternetGatewayId": {
          "Ref": "VPCIGWB7E252D3"
        }
      }
    },
    "PublicQueueServiceEcsProcessingDeadLetterQueueBC492277": {
      "Type": "AWS::SQS::Queue",
      "Properties": {
        "MessageRetentionPeriod": 1209600
      },
      "UpdateReplacePolicy": "Delete",
      "DeletionPolicy": "Delete"
    },
    "PublicQueueServiceEcsProcessingQueue84CD309D": {
      "Type": "AWS::SQS::Queue",
      "Properties": {
        "RedrivePolicy": {
          "deadLetterTargetArn": {
            "Fn::GetAtt": [
              "PublicQueueServiceEcsProcessingDeadLetterQueueBC492277",
              "Arn"
            ]
          },
          "maxReceiveCount": 3
        }
      },
      "UpdateReplacePolicy": "Delete",
      "DeletionPolicy": "Delete"
    },
    "PublicQueueServiceQueueProcessingTaskDefTaskRole172D980F": {
      "Type": "AWS::IAM::Role",
      "Properties": {
        "AssumeRolePolicyDocument": {
          "Statement": [
            {
              "Action": "sts:AssumeRole",
              "Effect": "Allow",
              "Principal": {
                "Service": "ecs-tasks.amazonaws.com"
              }
            }
          ],
          "Version": "2012-10-17"
        }
      }
    },
    "PublicQueueServiceQueueProcessingTaskDefTaskRoleDefaultPolicy5417957C": {
      "Type": "AWS::IAM::Policy",
      "Properties": {
        "PolicyDocument": {
          "Statement": [
            {
              "Action": [
                "sqs:ReceiveMessage",
                "sqs:ChangeMessageVisibility",
                "sqs:GetQueueUrl",
                "sqs:DeleteMessage",
                "sqs:GetQueueAttributes"
              ],
              "Effect": "Allow",
              "Resource": {
                "Fn::GetAtt": [
                  "PublicQueueServiceEcsProcessingQueue84CD309D",
                  "Arn"
                ]
              }
            }
          ],
          "Version": "2012-10-17"
        },
        "PolicyName": "PublicQueueServiceQueueProcessingTaskDefTaskRoleDefaultPolicy5417957C",
        "Roles": [
          {
            "Ref": "PublicQueueServiceQueueProcessingTaskDefTaskRole172D980F"
          }
        ]
      }
    },
    "PublicQueueServiceQueueProcessingTaskDef858327F6": {
      "Type": "AWS::ECS::TaskDefinition",
      "Properties": {
        "ContainerDefinitions": [
          {
            "Environment": [
              {
                "Name": "QUEUE_NAME",
                "Value": {
                  "Fn::GetAtt": [
                    "PublicQueueServiceEcsProcessingQueue84CD309D",
                    "QueueName"
                  ]
                }
              }
            ],
            "Essential": true,
            "Image": {
              "Fn::Join": [
                "",
                [
                  {
                    "Ref": "AWS::AccountId"
                  },
                  ".dkr.ecr.",
                  {
                    "Ref": "AWS::Region"
                  },
                  ".",
                  {
                    "Ref": "AWS::URLSuffix"
                  },
                  "/aws-cdk/assets:3a8ba3ad06ed212b075efa3157fb407649c5996812bc64eeb5209e220aab4be5"
                ]
              ]
            },
            "LogConfiguration": {
              "LogDriver": "awslogs",
              "Options": {
                "awslogs-group": {
                  "Ref": "PublicQueueServiceQueueProcessingTaskDefQueueProcessingContainerLogGroupCFF67B64"
                },
                "awslogs-stream-prefix": "PublicQueueService",
                "awslogs-region": {
                  "Ref": "AWS::Region"
                }
              }
            },
            "Name": "QueueProcessingContainer"
          }
        ],
        "Cpu": "256",
        "ExecutionRoleArn": {
          "Fn::GetAtt": [
            "PublicQueueServiceQueueProcessingTaskDefExecutionRoleE22721BA",
            "Arn"
          ]
        },
        "Family": "awsecspatternsqueuepublicPublicQueueServiceQueueProcessingTaskDefB3738118",
        "Memory": "512",
        "NetworkMode": "awsvpc",
        "RequiresCompatibilities": [
          "FARGATE"
        ],
        "TaskRoleArn": {
          "Fn::GetAtt": [
            "PublicQueueServiceQueueProcessingTaskDefTaskRole172D980F",
            "Arn"
          ]
        }
      }
    },
    "PublicQueueServiceQueueProcessingTaskDefQueueProcessingContainerLogGroupCFF67B64": {
      "Type": "AWS::Logs::LogGroup",
      "UpdateReplacePolicy": "Retain",
      "DeletionPolicy": "Retain"
    },
    "PublicQueueServiceQueueProcessingTaskDefExecutionRoleE22721BA": {
      "Type": "AWS::IAM::Role",
      "Properties": {
        "AssumeRolePolicyDocument": {
          "Statement": [
            {
              "Action": "sts:AssumeRole",
              "Effect": "Allow",
              "Principal": {
                "Service": "ecs-tasks.amazonaws.com"
              }
            }
          ],
          "Version": "2012-10-17"
        }
      }
    },
    "PublicQueueServiceQueueProcessingTaskDefExecutionRoleDefaultPolicyD7FF680F": {
      "Type": "AWS::IAM::Policy",
      "Properties": {
        "PolicyDocument": {
          "Statement": [
            {
              "Action": [
                "ecr:BatchCheckLayerAvailability",
                "ecr:GetDownloadUrlForLayer",
                "ecr:BatchGetImage"
              ],
              "Effect": "Allow",
              "Resource": {
                "Fn::Join": [
                  "",
                  [
                    "arn:",
                    {
                      "Ref": "AWS::Partition"
                    },
                    ":ecr:",
                    {
                      "Ref": "AWS::Region"
                    },
                    ":",
                    {
                      "Ref": "AWS::AccountId"
                    },
                    ":repository/aws-cdk/assets"
                  ]
                ]
              }
            },
            {
              "Action": "ecr:GetAuthorizationToken",
              "Effect": "Allow",
              "Resource": "*"
            },
            {
              "Action": [
                "logs:CreateLogStream",
                "logs:PutLogEvents"
              ],
              "Effect": "Allow",
              "Resource": {
                "Fn::GetAtt": [
                  "PublicQueueServiceQueueProcessingTaskDefQueueProcessingContainerLogGroupCFF67B64",
                  "Arn"
                ]
              }
            }
          ],
          "Version": "2012-10-17"
        },
        "PolicyName": "PublicQueueServiceQueueProcessingTaskDefExecutionRoleDefaultPolicyD7FF680F",
        "Roles": [
          {
            "Ref": "PublicQueueServiceQueueProcessingTaskDefExecutionRoleE22721BA"
          }
        ]
      }
    },
    "PublicQueueServiceQueueProcessingFargateService7DE3D65B": {
      "Type": "AWS::ECS::Service",
      "Properties": {
        "Cluster": {
          "Ref": "EcsDefaultClusterMnL3mNNYNVPC9C1EC7A3"
        },
        "DeploymentConfiguration": {
          "MaximumPercent": 200,
          "MinimumHealthyPercent": 50
        },
        "EnableECSManagedTags": false,
        "LaunchType": "FARGATE",
        "NetworkConfiguration": {
          "AwsvpcConfiguration": {
            "AssignPublicIp": "ENABLED",
            "SecurityGroups": [
              {
                "Fn::GetAtt": [
                  "PublicQueueServiceQueueProcessingFargateServiceSecurityGroupFC07A65A",
                  "GroupId"
                ]
              }
            ],
            "Subnets": [
              {
                "Ref": "VPCPublicSubnet1SubnetB4246D30"
              },
              {
                "Ref": "VPCPublicSubnet2Subnet74179F39"
              },
              {
                "Ref": "VPCPublicSubnet3Subnet631C5E25"
              }
            ]
          }
        },
        "TaskDefinition": {
          "Ref": "PublicQueueServiceQueueProcessingTaskDef858327F6"
        }
      }
    },
    "PublicQueueServiceQueueProcessingFargateServiceSecurityGroupFC07A65A": {
      "Type": "AWS::EC2::SecurityGroup",
      "Properties": {
        "GroupDescription": "aws-ecs-patterns-queue-public/PublicQueueService/QueueProcessingFargateService/SecurityGroup",
        "SecurityGroupEgress": [
          {
            "CidrIp": "0.0.0.0/0",
            "Description": "Allow all outbound traffic by default",
            "IpProtocol": "-1"
          }
        ],
        "VpcId": {
          "Ref": "VPCB9E5F0B4"
        }
      }
    },
    "PublicQueueServiceQueueProcessingFargateServiceTaskCountTargetE040C118": {
      "Type": "AWS::ApplicationAutoScaling::ScalableTarget",
      "Properties": {
        "MaxCapacity": 2,
        "MinCapacity": 1,
        "ResourceId": {
          "Fn::Join": [
            "",
            [
              "service/",
              {
                "Ref": "EcsDefaultClusterMnL3mNNYNVPC9C1EC7A3"
              },
              "/",
              {
                "Fn::GetAtt": [
                  "PublicQueueServiceQueueProcessingFargateService7DE3D65B",
                  "Name"
                ]
              }
            ]
          ]
        },
        "RoleARN": {
          "Fn::Join": [
            "",
            [
              "arn:",
              {
                "Ref": "AWS::Partition"
              },
              ":iam::",
              {
                "Ref": "AWS::AccountId"
              },
              ":role/aws-service-role/ecs.application-autoscaling.amazonaws.com/AWSServiceRoleForApplicationAutoScaling_ECSService"
            ]
          ]
        },
        "ScalableDimension": "ecs:service:DesiredCount",
        "ServiceNamespace": "ecs"
      }
    },
    "PublicQueueServiceQueueProcessingFargateServiceTaskCountTargetCpuScaling559C41BF": {
      "Type": "AWS::ApplicationAutoScaling::ScalingPolicy",
      "Properties": {
        "PolicyName": "awsecspatternsqueuepublicPublicQueueServiceQueueProcessingFargateServiceTaskCountTargetCpuScalingF36D44B7",
        "PolicyType": "TargetTrackingScaling",
        "ScalingTargetId": {
          "Ref": "PublicQueueServiceQueueProcessingFargateServiceTaskCountTargetE040C118"
        },
        "TargetTrackingScalingPolicyConfiguration": {
          "PredefinedMetricSpecification": {
            "PredefinedMetricType": "ECSServiceAverageCPUUtilization"
          },
          "TargetValue": 50
        }
      }
    },
    "PublicQueueServiceQueueProcessingFargateServiceTaskCountTargetQueueMessagesVisibleScalingLowerPolicyB2B27FF9": {
      "Type": "AWS::ApplicationAutoScaling::ScalingPolicy",
      "Properties": {
        "PolicyName": "awsecspatternsqueuepublicPublicQueueServiceQueueProcessingFargateServiceTaskCountTargetQueueMessagesVisibleScalingLowerPolicy2DB1A503",
        "PolicyType": "StepScaling",
        "ScalingTargetId": {
          "Ref": "PublicQueueServiceQueueProcessingFargateServiceTaskCountTargetE040C118"
        },
        "StepScalingPolicyConfiguration": {
          "AdjustmentType": "ChangeInCapacity",
          "MetricAggregationType": "Maximum",
          "StepAdjustments": [
            {
              "MetricIntervalUpperBound": 0,
              "ScalingAdjustment": -1
            }
          ]
        }
      }
    },
    "PublicQueueServiceQueueProcessingFargateServiceTaskCountTargetQueueMessagesVisibleScalingLowerAlarm5782C233": {
      "Type": "AWS::CloudWatch::Alarm",
      "Properties": {
        "ComparisonOperator": "LessThanOrEqualToThreshold",
        "EvaluationPeriods": 1,
        "AlarmActions": [
          {
            "Ref": "PublicQueueServiceQueueProcessingFargateServiceTaskCountTargetQueueMessagesVisibleScalingLowerPolicyB2B27FF9"
          }
        ],
        "AlarmDescription": "Lower threshold scaling alarm",
        "Dimensions": [
          {
            "Name": "QueueName",
            "Value": {
              "Fn::GetAtt": [
                "PublicQueueServiceEcsProcessingQueue84CD309D",
                "QueueName"
              ]
            }
          }
        ],
        "MetricName": "ApproximateNumberOfMessagesVisible",
        "Namespace": "AWS/SQS",
        "Period": 300,
        "Statistic": "Maximum",
        "Threshold": 0
      }
    },
    "PublicQueueServiceQueueProcessingFargateServiceTaskCountTargetQueueMessagesVisibleScalingUpperPolicyDCB40C8A": {
      "Type": "AWS::ApplicationAutoScaling::ScalingPolicy",
      "Properties": {
        "PolicyName": "awsecspatternsqueuepublicPublicQueueServiceQueueProcessingFargateServiceTaskCountTargetQueueMessagesVisibleScalingUpperPolicy89C3D196",
        "PolicyType": "StepScaling",
        "ScalingTargetId": {
          "Ref": "PublicQueueServiceQueueProcessingFargateServiceTaskCountTargetE040C118"
        },
        "StepScalingPolicyConfiguration": {
          "AdjustmentType": "ChangeInCapacity",
          "MetricAggregationType": "Maximum",
          "StepAdjustments": [
            {
              "MetricIntervalLowerBound": 0,
              "MetricIntervalUpperBound": 400,
              "ScalingAdjustment": 1
            },
            {
              "MetricIntervalLowerBound": 400,
              "ScalingAdjustment": 5
            }
          ]
        }
      }
    },
    "PublicQueueServiceQueueProcessingFargateServiceTaskCountTargetQueueMessagesVisibleScalingUpperAlarm5D67333D": {
      "Type": "AWS::CloudWatch::Alarm",
      "Properties": {
        "ComparisonOperator": "GreaterThanOrEqualToThreshold",
        "EvaluationPeriods": 1,
        "AlarmActions": [
          {
            "Ref": "PublicQueueServiceQueueProcessingFargateServiceTaskCountTargetQueueMessagesVisibleScalingUpperPolicyDCB40C8A"
          }
        ],
        "AlarmDescription": "Upper threshold scaling alarm",
        "Dimensions": [
          {
            "Name": "QueueName",
            "Value": {
              "Fn::GetAtt": [
                "PublicQueueServiceEcsProcessingQueue84CD309D",
                "QueueName"
              ]
            }
          }
        ],
        "MetricName": "ApproximateNumberOfMessagesVisible",
        "Namespace": "AWS/SQS",
        "Period": 300,
        "Statistic": "Maximum",
        "Threshold": 100
      }
    },
    "EcsDefaultClusterMnL3mNNYNVPC9C1EC7A3": {
      "Type": "AWS::ECS::Cluster"
    }
  },
  "Outputs": {
    "PublicQueueServiceSQSDeadLetterQueueBCE86DBC": {
      "Value": {
        "Fn::GetAtt": [
          "PublicQueueServiceEcsProcessingDeadLetterQueueBC492277",
          "QueueName"
        ]
      }
    },
    "PublicQueueServiceSQSDeadLetterQueueArn6E134EA4": {
      "Value": {
        "Fn::GetAtt": [
          "PublicQueueServiceEcsProcessingDeadLetterQueueBC492277",
          "Arn"
        ]
      }
    },
    "PublicQueueServiceSQSQueue4D3FBD5C": {
      "Value": {
        "Fn::GetAtt": [
          "PublicQueueServiceEcsProcessingQueue84CD309D",
          "QueueName"
        ]
      }
    },
    "PublicQueueServiceSQSQueueArn38014FDC": {
      "Value": {
        "Fn::GetAtt": [
          "PublicQueueServiceEcsProcessingQueue84CD309D",
          "Arn"
        ]
      }
    }
  }
}