{
  "Resources": {
    "Vpc8378EB38": {
      "Type": "AWS::EC2::VPC",
      "Properties": {
        "CidrBlock": "10.0.0.0/16",
        "EnableDnsHostnames": true,
        "EnableDnsSupport": true,
        "InstanceTenancy": "default",
        "Tags": [
          {
            "Key": "Name",
            "Value": "test-efs-integ/Vpc"
          }
        ]
      }
    },
    "VpcPublicSubnet1Subnet5C2D37C4": {
      "Type": "AWS::EC2::Subnet",
      "Properties": {
        "CidrBlock": "10.0.0.0/19",
        "VpcId": {
          "Ref": "Vpc8378EB38"
        },
        "AvailabilityZone": "test-region-1a",
        "MapPublicIpOnLaunch": true,
        "Tags": [
          {
            "Key": "aws-cdk:subnet-name",
            "Value": "Public"
          },
          {
            "Key": "aws-cdk:subnet-type",
            "Value": "Public"
          },
          {
            "Key": "Name",
            "Value": "test-efs-integ/Vpc/PublicSubnet1"
          }
        ]
      }
    },
    "VpcPublicSubnet1RouteTable6C95E38E": {
      "Type": "AWS::EC2::RouteTable",
      "Properties": {
        "VpcId": {
          "Ref": "Vpc8378EB38"
        },
        "Tags": [
          {
            "Key": "Name",
            "Value": "test-efs-integ/Vpc/PublicSubnet1"
          }
        ]
      }
    },
    "VpcPublicSubnet1RouteTableAssociation97140677": {
      "Type": "AWS::EC2::SubnetRouteTableAssociation",
      "Properties": {
        "RouteTableId": {
          "Ref": "VpcPublicSubnet1RouteTable6C95E38E"
        },
        "SubnetId": {
          "Ref": "VpcPublicSubnet1Subnet5C2D37C4"
        }
      }
    },
    "VpcPublicSubnet1DefaultRoute3DA9E72A": {
      "Type": "AWS::EC2::Route",
      "Properties": {
        "RouteTableId": {
          "Ref": "VpcPublicSubnet1RouteTable6C95E38E"
        },
        "DestinationCidrBlock": "0.0.0.0/0",
        "GatewayId": {
          "Ref": "VpcIGWD7BA715C"
        }
      },
      "DependsOn": [
        "VpcVPCGWBF912B6E"
      ]
    },
    "VpcPublicSubnet1EIPD7E02669": {
      "Type": "AWS::EC2::EIP",
      "Properties": {
        "Domain": "vpc",
        "Tags": [
          {
            "Key": "Name",
            "Value": "test-efs-integ/Vpc/PublicSubnet1"
          }
        ]
      }
    },
    "VpcPublicSubnet1NATGateway4D7517AA": {
      "Type": "AWS::EC2::NatGateway",
      "Properties": {
        "AllocationId": {
          "Fn::GetAtt": [
            "VpcPublicSubnet1EIPD7E02669",
            "AllocationId"
          ]
        },
        "SubnetId": {
          "Ref": "VpcPublicSubnet1Subnet5C2D37C4"
        },
        "Tags": [
          {
            "Key": "Name",
            "Value": "test-efs-integ/Vpc/PublicSubnet1"
          }
        ]
      }
    },
    "VpcPublicSubnet2Subnet691E08A3": {
      "Type": "AWS::EC2::Subnet",
      "Properties": {
        "CidrBlock": "10.0.32.0/19",
        "VpcId": {
          "Ref": "Vpc8378EB38"
        },
        "AvailabilityZone": "test-region-1b",
        "MapPublicIpOnLaunch": true,
        "Tags": [
          {
            "Key": "aws-cdk:subnet-name",
            "Value": "Public"
          },
          {
            "Key": "aws-cdk:subnet-type",
            "Value": "Public"
          },
          {
            "Key": "Name",
            "Value": "test-efs-integ/Vpc/PublicSubnet2"
          }
        ]
      }
    },
    "VpcPublicSubnet2RouteTable94F7E489": {
      "Type": "AWS::EC2::RouteTable",
      "Properties": {
        "VpcId": {
          "Ref": "Vpc8378EB38"
        },
        "Tags": [
          {
            "Key": "Name",
            "Value": "test-efs-integ/Vpc/PublicSubnet2"
          }
        ]
      }
    },
    "VpcPublicSubnet2RouteTableAssociationDD5762D8": {
      "Type": "AWS::EC2::SubnetRouteTableAssociation",
      "Properties": {
        "RouteTableId": {
          "Ref": "VpcPublicSubnet2RouteTable94F7E489"
        },
        "SubnetId": {
          "Ref": "VpcPublicSubnet2Subnet691E08A3"
        }
      }
    },
    "VpcPublicSubnet2DefaultRoute97F91067": {
      "Type": "AWS::EC2::Route",
      "Properties": {
        "RouteTableId": {
          "Ref": "VpcPublicSubnet2RouteTable94F7E489"
        },
        "DestinationCidrBlock": "0.0.0.0/0",
        "GatewayId": {
          "Ref": "VpcIGWD7BA715C"
        }
      },
      "DependsOn": [
        "VpcVPCGWBF912B6E"
      ]
    },
    "VpcPublicSubnet3SubnetBE12F0B6": {
      "Type": "AWS::EC2::Subnet",
      "Properties": {
        "CidrBlock": "10.0.64.0/19",
        "VpcId": {
          "Ref": "Vpc8378EB38"
        },
        "AvailabilityZone": "test-region-1c",
        "MapPublicIpOnLaunch": true,
        "Tags": [
          {
            "Key": "aws-cdk:subnet-name",
            "Value": "Public"
          },
          {
            "Key": "aws-cdk:subnet-type",
            "Value": "Public"
          },
          {
            "Key": "Name",
            "Value": "test-efs-integ/Vpc/PublicSubnet3"
          }
        ]
      }
    },
    "VpcPublicSubnet3RouteTable93458DBB": {
      "Type": "AWS::EC2::RouteTable",
      "Properties": {
        "VpcId": {
          "Ref": "Vpc8378EB38"
        },
        "Tags": [
          {
            "Key": "Name",
            "Value": "test-efs-integ/Vpc/PublicSubnet3"
          }
        ]
      }
    },
    "VpcPublicSubnet3RouteTableAssociation1F1EDF02": {
      "Type": "AWS::EC2::SubnetRouteTableAssociation",
      "Properties": {
        "RouteTableId": {
          "Ref": "VpcPublicSubnet3RouteTable93458DBB"
        },
        "SubnetId": {
          "Ref": "VpcPublicSubnet3SubnetBE12F0B6"
        }
      }
    },
    "VpcPublicSubnet3DefaultRoute4697774F": {
      "Type": "AWS::EC2::Route",
      "Properties": {
        "RouteTableId": {
          "Ref": "VpcPublicSubnet3RouteTable93458DBB"
        },
        "DestinationCidrBlock": "0.0.0.0/0",
        "GatewayId": {
          "Ref": "VpcIGWD7BA715C"
        }
      },
      "DependsOn": [
        "VpcVPCGWBF912B6E"
      ]
    },
    "VpcPrivateSubnet1Subnet536B997A": {
      "Type": "AWS::EC2::Subnet",
      "Properties": {
        "CidrBlock": "10.0.96.0/19",
        "VpcId": {
          "Ref": "Vpc8378EB38"
        },
        "AvailabilityZone": "test-region-1a",
        "MapPublicIpOnLaunch": false,
        "Tags": [
          {
            "Key": "aws-cdk:subnet-name",
            "Value": "Private"
          },
          {
            "Key": "aws-cdk:subnet-type",
            "Value": "Private"
          },
          {
            "Key": "Name",
            "Value": "test-efs-integ/Vpc/PrivateSubnet1"
          }
        ]
      }
    },
    "VpcPrivateSubnet1RouteTableB2C5B500": {
      "Type": "AWS::EC2::RouteTable",
      "Properties": {
        "VpcId": {
          "Ref": "Vpc8378EB38"
        },
        "Tags": [
          {
            "Key": "Name",
            "Value": "test-efs-integ/Vpc/PrivateSubnet1"
          }
        ]
      }
    },
    "VpcPrivateSubnet1RouteTableAssociation70C59FA6": {
      "Type": "AWS::EC2::SubnetRouteTableAssociation",
      "Properties": {
        "RouteTableId": {
          "Ref": "VpcPrivateSubnet1RouteTableB2C5B500"
        },
        "SubnetId": {
          "Ref": "VpcPrivateSubnet1Subnet536B997A"
        }
      }
    },
    "VpcPrivateSubnet1DefaultRouteBE02A9ED": {
      "Type": "AWS::EC2::Route",
      "Properties": {
        "RouteTableId": {
          "Ref": "VpcPrivateSubnet1RouteTableB2C5B500"
        },
        "DestinationCidrBlock": "0.0.0.0/0",
        "NatGatewayId": {
          "Ref": "VpcPublicSubnet1NATGateway4D7517AA"
        }
      }
    },
    "VpcPrivateSubnet2Subnet3788AAA1": {
      "Type": "AWS::EC2::Subnet",
      "Properties": {
        "CidrBlock": "10.0.128.0/19",
        "VpcId": {
          "Ref": "Vpc8378EB38"
        },
        "AvailabilityZone": "test-region-1b",
        "MapPublicIpOnLaunch": false,
        "Tags": [
          {
            "Key": "aws-cdk:subnet-name",
            "Value": "Private"
          },
          {
            "Key": "aws-cdk:subnet-type",
            "Value": "Private"
          },
          {
            "Key": "Name",
            "Value": "test-efs-integ/Vpc/PrivateSubnet2"
          }
        ]
      }
    },
    "VpcPrivateSubnet2RouteTableA678073B": {
      "Type": "AWS::EC2::RouteTable",
      "Properties": {
        "VpcId": {
          "Ref": "Vpc8378EB38"
        },
        "Tags": [
          {
            "Key": "Name",
            "Value": "test-efs-integ/Vpc/PrivateSubnet2"
          }
        ]
      }
    },
    "VpcPrivateSubnet2RouteTableAssociationA89CAD56": {
      "Type": "AWS::EC2::SubnetRouteTableAssociation",
      "Properties": {
        "RouteTableId": {
          "Ref": "VpcPrivateSubnet2RouteTableA678073B"
        },
        "SubnetId": {
          "Ref": "VpcPrivateSubnet2Subnet3788AAA1"
        }
      }
    },
    "VpcPrivateSubnet2DefaultRoute060D2087": {
      "Type": "AWS::EC2::Route",
      "Properties": {
        "RouteTableId": {
          "Ref": "VpcPrivateSubnet2RouteTableA678073B"
        },
        "DestinationCidrBlock": "0.0.0.0/0",
        "NatGatewayId": {
          "Ref": "VpcPublicSubnet1NATGateway4D7517AA"
        }
      }
    },
    "VpcPrivateSubnet3SubnetF258B56E": {
      "Type": "AWS::EC2::Subnet",
      "Properties": {
        "CidrBlock": "10.0.160.0/19",
        "VpcId": {
          "Ref": "Vpc8378EB38"
        },
        "AvailabilityZone": "test-region-1c",
        "MapPublicIpOnLaunch": false,
        "Tags": [
          {
            "Key": "aws-cdk:subnet-name",
            "Value": "Private"
          },
          {
            "Key": "aws-cdk:subnet-type",
            "Value": "Private"
          },
          {
            "Key": "Name",
            "Value": "test-efs-integ/Vpc/PrivateSubnet3"
          }
        ]
      }
    },
    "VpcPrivateSubnet3RouteTableD98824C7": {
      "Type": "AWS::EC2::RouteTable",
      "Properties": {
        "VpcId": {
          "Ref": "Vpc8378EB38"
        },
        "Tags": [
          {
            "Key": "Name",
            "Value": "test-efs-integ/Vpc/PrivateSubnet3"
          }
        ]
      }
    },
    "VpcPrivateSubnet3RouteTableAssociation16BDDC43": {
      "Type": "AWS::EC2::SubnetRouteTableAssociation",
      "Properties": {
        "RouteTableId": {
          "Ref": "VpcPrivateSubnet3RouteTableD98824C7"
        },
        "SubnetId": {
          "Ref": "VpcPrivateSubnet3SubnetF258B56E"
        }
      }
    },
    "VpcPrivateSubnet3DefaultRoute94B74F0D": {
      "Type": "AWS::EC2::Route",
      "Properties": {
        "RouteTableId": {
          "Ref": "VpcPrivateSubnet3RouteTableD98824C7"
        },
        "DestinationCidrBlock": "0.0.0.0/0",
        "NatGatewayId": {
          "Ref": "VpcPublicSubnet1NATGateway4D7517AA"
        }
      }
    },
    "VpcIGWD7BA715C": {
      "Type": "AWS::EC2::InternetGateway",
      "Properties": {
        "Tags": [
          {
            "Key": "Name",
            "Value": "test-efs-integ/Vpc"
          }
        ]
      }
    },
    "VpcVPCGWBF912B6E": {
      "Type": "AWS::EC2::VPCGatewayAttachment",
      "Properties": {
        "VpcId": {
          "Ref": "Vpc8378EB38"
        },
        "InternetGatewayId": {
          "Ref": "VpcIGWD7BA715C"
        }
      }
    },
    "FileSystem8A8E25C0": {
      "Type": "AWS::EFS::FileSystem",
      "Properties": {
        "FileSystemTags": [
          {
            "Key": "Name",
            "Value": "test-efs-integ/FileSystem"
          }
        ]
      },
      "UpdateReplacePolicy": "Retain",
      "DeletionPolicy": "Retain"
    },
    "FileSystemEfsSecurityGroup212D3ACB": {
      "Type": "AWS::EC2::SecurityGroup",
      "Properties": {
        "GroupDescription": "test-efs-integ/FileSystem/EfsSecurityGroup",
        "SecurityGroupEgress": [
          {
            "CidrIp": "0.0.0.0/0",
            "Description": "Allow all outbound traffic by default",
            "IpProtocol": "-1"
          }
        ],
        "Tags": [
          {
            "Key": "Name",
            "Value": "test-efs-integ/FileSystem"
          }
        ],
        "VpcId": {
          "Ref": "Vpc8378EB38"
        }
      }
    },
    "FileSystemEfsMountTarget1586453F0": {
      "Type": "AWS::EFS::MountTarget",
      "Properties": {
        "FileSystemId": {
          "Ref": "FileSystem8A8E25C0"
        },
        "SecurityGroups": [
          {
            "Fn::GetAtt": [
              "FileSystemEfsSecurityGroup212D3ACB",
              "GroupId"
            ]
          }
        ],
        "SubnetId": {
          "Ref": "VpcPrivateSubnet1Subnet536B997A"
        }
      }
    },
    "FileSystemEfsMountTarget24B8EBB43": {
      "Type": "AWS::EFS::MountTarget",
      "Properties": {
        "FileSystemId": {
          "Ref": "FileSystem8A8E25C0"
        },
        "SecurityGroups": [
          {
            "Fn::GetAtt": [
              "FileSystemEfsSecurityGroup212D3ACB",
              "GroupId"
            ]
          }
        ],
        "SubnetId": {
          "Ref": "VpcPrivateSubnet2Subnet3788AAA1"
        }
      }
    },
    "FileSystemEfsMountTarget37C2F9139": {
      "Type": "AWS::EFS::MountTarget",
      "Properties": {
        "FileSystemId": {
          "Ref": "FileSystem8A8E25C0"
        },
        "SecurityGroups": [
          {
            "Fn::GetAtt": [
              "FileSystemEfsSecurityGroup212D3ACB",
              "GroupId"
            ]
          }
        ],
        "SubnetId": {
          "Ref": "VpcPrivateSubnet3SubnetF258B56E"
        }
      }
    },
    "FileSystemAccessPointF8178182": {
      "Type": "AWS::EFS::AccessPoint",
      "Properties": {
        "FileSystemId": {
          "Ref": "FileSystem8A8E25C0"
        },
        "PosixUser": {
          "Gid": "1000",
          "Uid": "1000"
        },
        "RootDirectory": {
          "CreationInfo": {
            "OwnerGid": "1000",
            "OwnerUid": "1000",
            "Permissions": "755"
          },
          "Path": "/custom-path"
        }
      }
    }
  }
}