{
  "Resources": {
    "FServiceRole3AC82EE1": {
      "Type": "AWS::IAM::Role",
      "Properties": {
        "AssumeRolePolicyDocument": {
          "Statement": [
            {
              "Action": "sts:AssumeRole",
              "Effect": "Allow",
              "Principal": {
                "Service": "lambda.amazonaws.com"
              }
            }
          ],
          "Version": "2012-10-17"
        },
        "ManagedPolicyArns": [
          {
            "Fn::Join": [
              "",
              [
                "arn:",
                {
                  "Ref": "AWS::Partition"
                },
                ":iam::aws:policy/service-role/AWSLambdaBasicExecutionRole"
              ]
            ]
          }
        ]
      }
    },
    "FServiceRoleDefaultPolicy17A19BFA": {
      "Type": "AWS::IAM::Policy",
      "Properties": {
        "PolicyDocument": {
          "Statement": [
            {
              "Action": [
                "sqs:SendMessage",
                "sqs:GetQueueAttributes",
                "sqs:GetQueueUrl"
              ],
              "Effect": "Allow",
              "Resource": {
                "Fn::GetAtt": [
                  "Q63C6E3AB",
                  "Arn"
                ]
              }
            },
            {
              "Action": [
                "kinesis:DescribeStreamSummary",
                "kinesis:GetRecords",
                "kinesis:GetShardIterator",
                "kinesis:ListShards",
                "kinesis:SubscribeToShard"
              ],
              "Effect": "Allow",
              "Resource": {
                "Fn::GetAtt": [
                  "S509448A1",
                  "Arn"
                ]
              }
            },
            {
              "Action": "kinesis:DescribeStream",
              "Effect": "Allow",
              "Resource": {
                "Fn::GetAtt": [
                  "S509448A1",
                  "Arn"
                ]
              }
            }
          ],
          "Version": "2012-10-17"
        },
        "PolicyName": "FServiceRoleDefaultPolicy17A19BFA",
        "Roles": [
          {
            "Ref": "FServiceRole3AC82EE1"
          }
        ]
      }
    },
    "FC4345940": {
      "Type": "AWS::Lambda::Function",
      "Properties": {
        "Code": {
          "ZipFile": "exports.handler = async function handler(event) {\n    // tslint:disable-next-line:no-console\n    console.log('event:', JSON.stringify(event, undefined, 2));\n    throw new Error();\n}"
        },
        "Handler": "index.handler",
        "Role": {
          "Fn::GetAtt": [
            "FServiceRole3AC82EE1",
            "Arn"
          ]
        },
        "Runtime": "nodejs10.x"
      },
      "DependsOn": [
        "FServiceRoleDefaultPolicy17A19BFA",
        "FServiceRole3AC82EE1"
      ]
    },
    "FKinesisEventSourcelambdaeventsourcekinesiswithdlqSD357FCB87EEA8CB4": {
      "Type": "AWS::Lambda::EventSourceMapping",
      "Properties": {
        "EventSourceArn": {
          "Fn::GetAtt": [
            "S509448A1",
            "Arn"
          ]
        },
        "FunctionName": {
          "Ref": "FC4345940"
        },
        "BatchSize": 100,
        "DestinationConfig": {
          "OnFailure": {
            "Destination": {
              "Fn::GetAtt": [
                "Q63C6E3AB",
                "Arn"
              ]
            }
          }
        },
        "MaximumRetryAttempts": 0,
        "StartingPosition": "TRIM_HORIZON"
      }
    },
    "S509448A1": {
      "Type": "AWS::Kinesis::Stream",
      "Properties": {
        "ShardCount": 1,
        "RetentionPeriodHours": 24,
        "StreamEncryption": {
          "Fn::If": [
            "AwsCdkKinesisEncryptedStreamsUnsupportedRegions",
            {
              "Ref": "AWS::NoValue"
            },
            {
              "EncryptionType": "KMS",
              "KeyId": "alias/aws/kinesis"
            }
          ]
        }
      }
    },
    "Q63C6E3AB": {
      "Type": "AWS::SQS::Queue"
    }
  },
  "Outputs": {
    "FunctionArn": {
      "Value": {
        "Fn::GetAtt": [
          "FC4345940",
          "Arn"
        ]
      }
    },
    "InputKinesisStreamName": {
      "Value": {
        "Ref": "S509448A1"
      }
    },
    "DlqSqsQueueUrl": {
      "Value": {
        "Ref": "Q63C6E3AB"
      }
    }
  },
  "Conditions": {
    "AwsCdkKinesisEncryptedStreamsUnsupportedRegions": {
      "Fn::Or": [
        {
          "Fn::Equals": [
            {
              "Ref": "AWS::Region"
            },
            "cn-north-1"
          ]
        },
        {
          "Fn::Equals": [
            {
              "Ref": "AWS::Region"
            },
            "cn-northwest-1"
          ]
        }
      ]
    }
  }
}