{
  "Resources": {
    "Domain66AC69E0": {
      "Type": "AWS::OpenSearchService::Domain",
      "Properties": {
        "ClusterConfig": {
          "InstanceCount": 1,
          "WarmEnabled": true,
          "WarmCount": 2,
          "DedicatedMasterEnabled": true,
          "DedicatedMasterCount": 2,
          "InstanceType": "r5.large.search",
          "WarmType": "ultrawarm1.medium.search",
          "ZoneAwarenessEnabled": false,
          "DedicatedMasterType": "r5.large.search"
        },
        "CognitoOptions": {
          "Enabled": false
        },
        "DomainEndpointOptions": {
          "EnforceHTTPS": false,
          "TLSSecurityPolicy": "Policy-Min-TLS-1-0-2019-07"
        },
        "EBSOptions": {
          "EBSEnabled": true,
          "VolumeType": "gp2",
          "VolumeSize": 10
        },
        "EncryptionAtRestOptions": {
          "Enabled": false
        },
        "EngineVersion": "Elasticsearch_7.1",
        "LogPublishingOptions": {},
        "NodeToNodeEncryptionOptions": {
          "Enabled": false
        }
      },
      "UpdateReplacePolicy": "Delete",
      "DeletionPolicy": "Delete"
    }
  }
}