{
  "Resources": {
    "myuserpoolsmsRole0E16FDD9": {
      "Type": "AWS::IAM::Role",
      "Properties": {
        "AssumeRolePolicyDocument": {
          "Statement": [
            {
              "Action": "sts:AssumeRole",
              "Condition": {
                "StringEquals": {
                  "sts:ExternalId": "integuserpoolsignuplinkmyuserpoolA8374994"
                }
              },
              "Effect": "Allow",
              "Principal": {
                "Service": "cognito-idp.amazonaws.com"
              }
            }
          ],
          "Version": "2012-10-17"
        },
        "Policies": [
          {
            "PolicyDocument": {
              "Statement": [
                {
                  "Action": "sns:Publish",
                  "Effect": "Allow",
                  "Resource": "*"
                }
              ],
              "Version": "2012-10-17"
            },
            "PolicyName": "sns-publish"
          }
        ]
      }
    },
    "myuserpool01998219": {
      "Type": "AWS::Cognito::UserPool",
      "Properties": {
        "AccountRecoverySetting": { 
          "RecoveryMechanisms": [
            { "Name": "verified_phone_number", "Priority": 1 },
            { "Name": "verified_email", "Priority": 2 }
          ]
        },
        "AdminCreateUserConfig": {
          "AllowAdminCreateUserOnly": false
        },
        "AutoVerifiedAttributes": [
          "email",
          "phone_number"
        ],
        "Policies": {
          "PasswordPolicy": {
            "MinimumLength": 8,
            "RequireLowercase": false,
            "RequireNumbers": false,
            "RequireSymbols": false,
            "RequireUppercase": false
          }
        },
        "SmsConfiguration": {
          "ExternalId": "integuserpoolsignuplinkmyuserpoolA8374994",
          "SnsCallerArn": {
            "Fn::GetAtt": [
              "myuserpoolsmsRole0E16FDD9",
              "Arn"
            ]
          }
        },
        "SmsVerificationMessage": "integ-test: Account verification code is {####}",
        "UserPoolName": "MyUserPool",
        "VerificationMessageTemplate": {
          "DefaultEmailOption": "CONFIRM_WITH_LINK",
          "EmailMessageByLink": "integ-test: Verify by clicking on {##Verify Email##}",
          "EmailSubjectByLink": "integ-test: Verify your account",
          "SmsMessage": "integ-test: Account verification code is {####}"
        }
      }
    },
    "myuserpoolmyuserpooldomainEE1E11AF": {
      "Type": "AWS::Cognito::UserPoolDomain",
      "Properties": {
        "Domain": "integ-user-pool-signup-link",
        "UserPoolId": {
          "Ref": "myuserpool01998219"
        }
      }
    },
    "myuserpoolclient8A58A3E4": {
      "Type": "AWS::Cognito::UserPoolClient",
      "Properties": {
        "UserPoolId": {
          "Ref": "myuserpool01998219"
        },
        "AllowedOAuthFlows": [
          "implicit",
          "code"
        ],
        "AllowedOAuthFlowsUserPoolClient": true,
        "AllowedOAuthScopes": [
          "profile",
          "phone",
          "email",
          "openid",
          "aws.cognito.signin.user.admin"
        ],
        "CallbackURLs": [
          "https://example.com"
        ],
        "ClientName": "signup-test",
        "GenerateSecret": false,
        "SupportedIdentityProviders": [
          "COGNITO"
        ]
      }
    }
  },
  "Outputs": {
    "userpoolid": {
      "Value": {
        "Ref": "myuserpool01998219"
      }
    },
    "clientid": {
      "Value": {
        "Ref": "myuserpoolclient8A58A3E4"
      }
    }
  }
}