{
  "Resources": {
    "myuserpoolsmsRole0E16FDD9": {
      "Type": "AWS::IAM::Role",
      "Properties": {
        "AssumeRolePolicyDocument": {
          "Statement": [
            {
              "Action": "sts:AssumeRole",
              "Condition": {
                "StringEquals": {
                  "sts:ExternalId": "integuserpoolmyuserpoolDA38443C"
                }
              },
              "Effect": "Allow",
              "Principal": {
                "Service": "cognito-idp.amazonaws.com"
              }
            }
          ],
          "Version": "2012-10-17"
        },
        "Policies": [
          {
            "PolicyDocument": {
              "Statement": [
                {
                  "Action": "sns:Publish",
                  "Effect": "Allow",
                  "Resource": "*"
                }
              ],
              "Version": "2012-10-17"
            },
            "PolicyName": "sns-publish"
          }
        ]
      }
    },
    "myuserpool01998219": {
      "Type": "AWS::Cognito::UserPool",
      "Properties": {
        "AdminCreateUserConfig": {
          "AllowAdminCreateUserOnly": true
        },
        "EmailVerificationMessage": "The verification code to your new account is {####}",
        "EmailVerificationSubject": "Verify your new account",
        "SmsConfiguration": {
          "ExternalId": "integuserpoolmyuserpoolDA38443C",
          "SnsCallerArn": {
            "Fn::GetAtt": [
              "myuserpoolsmsRole0E16FDD9",
              "Arn"
            ]
          }
        },
        "SmsVerificationMessage": "The verification code to your new account is {####}",
        "UserPoolName": "MyUserPool",
        "VerificationMessageTemplate": {
          "DefaultEmailOption": "CONFIRM_WITH_CODE",
          "EmailMessage": "The verification code to your new account is {####}",
          "EmailSubject": "Verify your new account",
          "SmsMessage": "The verification code to your new account is {####}"
        }
      }
    }
  },
  "Outputs": {
    "userpoolid": {
      "Value": {
        "Ref": "myuserpool01998219"
      }
    }
  }
}