{
  "Resources": {
    "TopicBFC7AF6E": {
      "Type": "AWS::SNS::Topic"
    },
    "Publish2E9BDF73": {
      "Type": "Custom::SNSPublisher",
      "Properties": {
        "ServiceToken": {
          "Fn::GetAtt": [
            "AWS679f53fac002430cb0da5b7982bd22872D164C4C",
            "Arn"
          ]
        },
        "Create": {
          "service": "SNS",
          "action": "publish",
          "parameters": {
            "Message": "hello",
            "TopicArn": {
              "Ref": "TopicBFC7AF6E"
            }
          },
          "physicalResourceId": {
            "id": {
              "Ref": "TopicBFC7AF6E"
            }
          }
        },
        "Update": {
          "service": "SNS",
          "action": "publish",
          "parameters": {
            "Message": "hello",
            "TopicArn": {
              "Ref": "TopicBFC7AF6E"
            }
          },
          "physicalResourceId": {
            "id": {
              "Ref": "TopicBFC7AF6E"
            }
          }
        }
      },
      "UpdateReplacePolicy": "Delete",
      "DeletionPolicy": "Delete"
    },
    "AWS679f53fac002430cb0da5b7982bd2287ServiceRoleC1EA0FF2": {
      "Type": "AWS::IAM::Role",
      "Properties": {
        "AssumeRolePolicyDocument": {
          "Statement": [
            {
              "Action": "sts:AssumeRole",
              "Effect": "Allow",
              "Principal": {
                "Service": "lambda.amazonaws.com"
              }
            }
          ],
          "Version": "2012-10-17"
        },
        "ManagedPolicyArns": [
          {
            "Fn::Join": [
              "",
              [
                "arn:",
                {
                  "Ref": "AWS::Partition"
                },
                ":iam::aws:policy/service-role/AWSLambdaBasicExecutionRole"
              ]
            ]
          }
        ]
      }
    },
    "AWS679f53fac002430cb0da5b7982bd2287ServiceRoleDefaultPolicyD28E1A5E": {
      "Type": "AWS::IAM::Policy",
      "Properties": {
        "PolicyDocument": {
          "Statement": [
            {
              "Action": "sns:Publish",
              "Effect": "Allow",
              "Resource": "*"
            },
            {
              "Action": "sns:ListTopics",
              "Effect": "Allow",
              "Resource": "*"
            },
            {
              "Action": "ssm:GetParameter",
              "Effect": "Allow",
              "Resource": "*"
            }
          ],
          "Version": "2012-10-17"
        },
        "PolicyName": "AWS679f53fac002430cb0da5b7982bd2287ServiceRoleDefaultPolicyD28E1A5E",
        "Roles": [
          {
            "Ref": "AWS679f53fac002430cb0da5b7982bd2287ServiceRoleC1EA0FF2"
          }
        ]
      }
    },
    "AWS679f53fac002430cb0da5b7982bd22872D164C4C": {
      "Type": "AWS::Lambda::Function",
      "Properties": {
        "Code": {
          "S3Bucket": {
            "Ref": "AssetParameters0317970d7c7695dbb9076b70f5eaa0a840dabe9a56c3389439ae5018b5a4cc5bS3BucketA3488101"
          },
          "S3Key": {
            "Fn::Join": [
              "",
              [
                {
                  "Fn::Select": [
                    0,
                    {
                      "Fn::Split": [
                        "||",
                        {
                          "Ref": "AssetParameters0317970d7c7695dbb9076b70f5eaa0a840dabe9a56c3389439ae5018b5a4cc5bS3VersionKey23A2E46C"
                        }
                      ]
                    }
                  ]
                },
                {
                  "Fn::Select": [
                    1,
                    {
                      "Fn::Split": [
                        "||",
                        {
                          "Ref": "AssetParameters0317970d7c7695dbb9076b70f5eaa0a840dabe9a56c3389439ae5018b5a4cc5bS3VersionKey23A2E46C"
                        }
                      ]
                    }
                  ]
                }
              ]
            ]
          }
        },
        "Handler": "index.handler",
        "Role": {
          "Fn::GetAtt": [
            "AWS679f53fac002430cb0da5b7982bd2287ServiceRoleC1EA0FF2",
            "Arn"
          ]
        },
        "Runtime": "nodejs12.x",
        "Timeout": 120
      },
      "DependsOn": [
        "AWS679f53fac002430cb0da5b7982bd2287ServiceRoleDefaultPolicyD28E1A5E",
        "AWS679f53fac002430cb0da5b7982bd2287ServiceRoleC1EA0FF2"
      ]
    },
    "ListTopicsCE1E0341": {
      "Type": "Custom::AWS",
      "Properties": {
        "ServiceToken": {
          "Fn::GetAtt": [
            "AWS679f53fac002430cb0da5b7982bd22872D164C4C",
            "Arn"
          ]
        },
        "Create": {
          "service": "SNS",
          "action": "listTopics",
          "physicalResourceId": {
            "responsePath": "Topics.0.TopicArn"
          }
        },
        "Update": {
          "service": "SNS",
          "action": "listTopics",
          "physicalResourceId": {
            "responsePath": "Topics.0.TopicArn"
          }
        }
      },
      "DependsOn": [
        "TopicBFC7AF6E"
      ],
      "UpdateReplacePolicy": "Delete",
      "DeletionPolicy": "Delete"
    },
    "DummyParameter53662B67": {
      "Type": "AWS::SSM::Parameter",
      "Properties": {
        "Type": "String",
        "Value": "1337"
      }
    },
    "GetParameter42B0A00E": {
      "Type": "Custom::SSMParameter",
      "Properties": {
        "ServiceToken": {
          "Fn::GetAtt": [
            "AWS679f53fac002430cb0da5b7982bd22872D164C4C",
            "Arn"
          ]
        },
        "Create": {
          "service": "SSM",
          "action": "getParameter",
          "parameters": {
            "Name": {
              "Ref": "DummyParameter53662B67"
            },
            "WithDecryption": "TRUE:BOOLEAN"
          },
          "physicalResourceId": {
            "responsePath": "Parameter.ARN"
          }
        },
        "Update": {
          "service": "SSM",
          "action": "getParameter",
          "parameters": {
            "Name": {
              "Ref": "DummyParameter53662B67"
            },
            "WithDecryption": "TRUE:BOOLEAN"
          },
          "physicalResourceId": {
            "responsePath": "Parameter.ARN"
          }
        }
      },
      "UpdateReplacePolicy": "Delete",
      "DeletionPolicy": "Delete"
    }
  },
  "Parameters": {
    "AssetParameters0317970d7c7695dbb9076b70f5eaa0a840dabe9a56c3389439ae5018b5a4cc5bS3BucketA3488101": {
      "Type": "String",
      "Description": "S3 bucket for asset \"0317970d7c7695dbb9076b70f5eaa0a840dabe9a56c3389439ae5018b5a4cc5b\""
    },
    "AssetParameters0317970d7c7695dbb9076b70f5eaa0a840dabe9a56c3389439ae5018b5a4cc5bS3VersionKey23A2E46C": {
      "Type": "String",
      "Description": "S3 key for asset version \"0317970d7c7695dbb9076b70f5eaa0a840dabe9a56c3389439ae5018b5a4cc5b\""
    },
    "AssetParameters0317970d7c7695dbb9076b70f5eaa0a840dabe9a56c3389439ae5018b5a4cc5bArtifactHashF6409D44": {
      "Type": "String",
      "Description": "Artifact hash for asset \"0317970d7c7695dbb9076b70f5eaa0a840dabe9a56c3389439ae5018b5a4cc5b\""
    }
  },
  "Outputs": {
    "MessageId": {
      "Value": {
        "Fn::GetAtt": [
          "Publish2E9BDF73",
          "MessageId"
        ]
      }
    },
    "TopicArn": {
      "Value": {
        "Fn::GetAtt": [
          "ListTopicsCE1E0341",
          "Topics.0.TopicArn"
        ]
      }
    },
    "ParameterValue": {
      "Value": {
        "Fn::GetAtt": [
          "GetParameter42B0A00E",
          "Parameter.Value"
        ]
      }
    }
  }
}