{
  "Resources": {
    "VPCB9E5F0B4": {
      "Type": "AWS::EC2::VPC",
      "Properties": {
        "CidrBlock": "10.0.0.0/16",
        "EnableDnsHostnames": true,
        "EnableDnsSupport": true,
        "InstanceTenancy": "default",
        "Tags": []
      }
    },
    "VPCPublicSubnet1SubnetB4246D30": {
      "Type": "AWS::EC2::Subnet",
      "Properties": {
        "AvailabilityZone": "test-region-1a",
        "CidrBlock": "10.0.0.0/19",
        "MapPublicIpOnLaunch": true,
        "VpcId": {
          "Ref": "VPCB9E5F0B4"
        }
      }
    },
    "VPCPublicSubnet1RouteTableFEE4B781": {
      "Type": "AWS::EC2::RouteTable",
      "Properties": {
        "VpcId": {
          "Ref": "VPCB9E5F0B4"
        }
      }
    },
    "VPCPublicSubnet1RouteTableAssociatioin249B4093": {
      "Type": "AWS::EC2::SubnetRouteTableAssociation",
      "Properties": {
        "RouteTableId": {
          "Ref": "VPCPublicSubnet1RouteTableFEE4B781"
        },
        "SubnetId": {
          "Ref": "VPCPublicSubnet1SubnetB4246D30"
        }
      }
    },
    "VPCPublicSubnet1EIP6AD938E8": {
      "Type": "AWS::EC2::EIP",
      "Properties": {
        "Domain": "vpc"
      }
    },
    "VPCPublicSubnet1NATGatewayE0556630": {
      "Type": "AWS::EC2::NatGateway",
      "Properties": {
        "AllocationId": {
          "Fn::GetAtt": [
            "VPCPublicSubnet1EIP6AD938E8",
            "AllocationId"
          ]
        },
        "SubnetId": {
          "Ref": "VPCPublicSubnet1SubnetB4246D30"
        }
      }
    },
    "VPCPublicSubnet1DefaultRoute91CEF279": {
      "Type": "AWS::EC2::Route",
      "Properties": {
        "DestinationCidrBlock": "0.0.0.0/0",
        "GatewayId": {
          "Ref": "VPCIGWB7E252D3"
        },
        "RouteTableId": {
          "Ref": "VPCPublicSubnet1RouteTableFEE4B781"
        }
      }
    },
    "VPCPrivateSubnet1Subnet8BCA10E0": {
      "Type": "AWS::EC2::Subnet",
      "Properties": {
        "AvailabilityZone": "test-region-1a",
        "CidrBlock": "10.0.32.0/19",
        "MapPublicIpOnLaunch": false,
        "VpcId": {
          "Ref": "VPCB9E5F0B4"
        }
      }
    },
    "VPCPrivateSubnet1RouteTableBE8A6027": {
      "Type": "AWS::EC2::RouteTable",
      "Properties": {
        "VpcId": {
          "Ref": "VPCB9E5F0B4"
        }
      }
    },
    "VPCPrivateSubnet1RouteTableAssociatioin77F7CA18": {
      "Type": "AWS::EC2::SubnetRouteTableAssociation",
      "Properties": {
        "RouteTableId": {
          "Ref": "VPCPrivateSubnet1RouteTableBE8A6027"
        },
        "SubnetId": {
          "Ref": "VPCPrivateSubnet1Subnet8BCA10E0"
        }
      }
    },
    "VPCPrivateSubnet1DefaultRouteAE1D6490": {
      "Type": "AWS::EC2::Route",
      "Properties": {
        "DestinationCidrBlock": "0.0.0.0/0",
        "NatGatewayId": {
          "Ref": "VPCPublicSubnet1NATGatewayE0556630"
        },
        "RouteTableId": {
          "Ref": "VPCPrivateSubnet1RouteTableBE8A6027"
        }
      }
    },
    "VPCPublicSubnet2Subnet74179F39": {
      "Type": "AWS::EC2::Subnet",
      "Properties": {
        "AvailabilityZone": "test-region-1b",
        "CidrBlock": "10.0.64.0/19",
        "MapPublicIpOnLaunch": true,
        "VpcId": {
          "Ref": "VPCB9E5F0B4"
        }
      }
    },
    "VPCPublicSubnet2RouteTable6F1A15F1": {
      "Type": "AWS::EC2::RouteTable",
      "Properties": {
        "VpcId": {
          "Ref": "VPCB9E5F0B4"
        }
      }
    },
    "VPCPublicSubnet2RouteTableAssociatioin766225D7": {
      "Type": "AWS::EC2::SubnetRouteTableAssociation",
      "Properties": {
        "RouteTableId": {
          "Ref": "VPCPublicSubnet2RouteTable6F1A15F1"
        },
        "SubnetId": {
          "Ref": "VPCPublicSubnet2Subnet74179F39"
        }
      }
    },
    "VPCPublicSubnet2EIP4947BC00": {
      "Type": "AWS::EC2::EIP",
      "Properties": {
        "Domain": "vpc"
      }
    },
    "VPCPublicSubnet2NATGateway3C070193": {
      "Type": "AWS::EC2::NatGateway",
      "Properties": {
        "AllocationId": {
          "Fn::GetAtt": [
            "VPCPublicSubnet2EIP4947BC00",
            "AllocationId"
          ]
        },
        "SubnetId": {
          "Ref": "VPCPublicSubnet2Subnet74179F39"
        }
      }
    },
    "VPCPublicSubnet2DefaultRouteB7481BBA": {
      "Type": "AWS::EC2::Route",
      "Properties": {
        "DestinationCidrBlock": "0.0.0.0/0",
        "GatewayId": {
          "Ref": "VPCIGWB7E252D3"
        },
        "RouteTableId": {
          "Ref": "VPCPublicSubnet2RouteTable6F1A15F1"
        }
      }
    },
    "VPCPrivateSubnet2SubnetCFCDAA7A": {
      "Type": "AWS::EC2::Subnet",
      "Properties": {
        "AvailabilityZone": "test-region-1b",
        "CidrBlock": "10.0.96.0/19",
        "MapPublicIpOnLaunch": false,
        "VpcId": {
          "Ref": "VPCB9E5F0B4"
        }
      }
    },
    "VPCPrivateSubnet2RouteTable0A19E10E": {
      "Type": "AWS::EC2::RouteTable",
      "Properties": {
        "VpcId": {
          "Ref": "VPCB9E5F0B4"
        }
      }
    },
    "VPCPrivateSubnet2RouteTableAssociatioinC31995B4": {
      "Type": "AWS::EC2::SubnetRouteTableAssociation",
      "Properties": {
        "RouteTableId": {
          "Ref": "VPCPrivateSubnet2RouteTable0A19E10E"
        },
        "SubnetId": {
          "Ref": "VPCPrivateSubnet2SubnetCFCDAA7A"
        }
      }
    },
    "VPCPrivateSubnet2DefaultRouteF4F5CFD2": {
      "Type": "AWS::EC2::Route",
      "Properties": {
        "DestinationCidrBlock": "0.0.0.0/0",
        "NatGatewayId": {
          "Ref": "VPCPublicSubnet2NATGateway3C070193"
        },
        "RouteTableId": {
          "Ref": "VPCPrivateSubnet2RouteTable0A19E10E"
        }
      }
    },
    "VPCPublicSubnet3Subnet631C5E25": {
      "Type": "AWS::EC2::Subnet",
      "Properties": {
        "AvailabilityZone": "test-region-1c",
        "CidrBlock": "10.0.128.0/19",
        "MapPublicIpOnLaunch": true,
        "VpcId": {
          "Ref": "VPCB9E5F0B4"
        }
      }
    },
    "VPCPublicSubnet3RouteTable98AE0E14": {
      "Type": "AWS::EC2::RouteTable",
      "Properties": {
        "VpcId": {
          "Ref": "VPCB9E5F0B4"
        }
      }
    },
    "VPCPublicSubnet3RouteTableAssociatioinF4E24B3B": {
      "Type": "AWS::EC2::SubnetRouteTableAssociation",
      "Properties": {
        "RouteTableId": {
          "Ref": "VPCPublicSubnet3RouteTable98AE0E14"
        },
        "SubnetId": {
          "Ref": "VPCPublicSubnet3Subnet631C5E25"
        }
      }
    },
    "VPCPublicSubnet3EIPAD4BC883": {
      "Type": "AWS::EC2::EIP",
      "Properties": {
        "Domain": "vpc"
      }
    },
    "VPCPublicSubnet3NATGatewayD3048F5C": {
      "Type": "AWS::EC2::NatGateway",
      "Properties": {
        "AllocationId": {
          "Fn::GetAtt": [
            "VPCPublicSubnet3EIPAD4BC883",
            "AllocationId"
          ]
        },
        "SubnetId": {
          "Ref": "VPCPublicSubnet3Subnet631C5E25"
        }
      }
    },
    "VPCPublicSubnet3DefaultRouteA0D29D46": {
      "Type": "AWS::EC2::Route",
      "Properties": {
        "DestinationCidrBlock": "0.0.0.0/0",
        "GatewayId": {
          "Ref": "VPCIGWB7E252D3"
        },
        "RouteTableId": {
          "Ref": "VPCPublicSubnet3RouteTable98AE0E14"
        }
      }
    },
    "VPCPrivateSubnet3Subnet3EDCD457": {
      "Type": "AWS::EC2::Subnet",
      "Properties": {
        "AvailabilityZone": "test-region-1c",
        "CidrBlock": "10.0.160.0/19",
        "MapPublicIpOnLaunch": false,
        "VpcId": {
          "Ref": "VPCB9E5F0B4"
        }
      }
    },
    "VPCPrivateSubnet3RouteTable192186F8": {
      "Type": "AWS::EC2::RouteTable",
      "Properties": {
        "VpcId": {
          "Ref": "VPCB9E5F0B4"
        }
      }
    },
    "VPCPrivateSubnet3RouteTableAssociatioin3B0B6B38": {
      "Type": "AWS::EC2::SubnetRouteTableAssociation",
      "Properties": {
        "RouteTableId": {
          "Ref": "VPCPrivateSubnet3RouteTable192186F8"
        },
        "SubnetId": {
          "Ref": "VPCPrivateSubnet3Subnet3EDCD457"
        }
      }
    },
    "VPCPrivateSubnet3DefaultRoute27F311AE": {
      "Type": "AWS::EC2::Route",
      "Properties": {
        "DestinationCidrBlock": "0.0.0.0/0",
        "NatGatewayId": {
          "Ref": "VPCPublicSubnet3NATGatewayD3048F5C"
        },
        "RouteTableId": {
          "Ref": "VPCPrivateSubnet3RouteTable192186F8"
        }
      }
    },
    "VPCIGWB7E252D3": {
      "Type": "AWS::EC2::InternetGateway"
    },
    "VPCVPCGW99B986DC": {
      "Type": "AWS::EC2::VPCGatewayAttachment",
      "Properties": {
        "InternetGatewayId": {
          "Ref": "VPCIGWB7E252D3"
        },
        "VpcId": {
          "Ref": "VPCB9E5F0B4"
        }
      }
    },
    "FleetInstanceSecurityGroupA8C3D7AD": {
      "Type": "AWS::EC2::SecurityGroup",
      "Properties": {
        "GroupDescription": "aws-cdk-ec2-integ/Fleet/InstanceSecurityGroup",
        "SecurityGroupEgress": [
          {
            "CidrIp": "0.0.0.0/0",
            "Description": "Outbound traffic allowed by default",
            "FromPort": -1,
            "IpProtocol": "-1",
            "ToPort": -1
          }
        ],
        "SecurityGroupIngress": [],
        "VpcId": {
          "Ref": "VPCB9E5F0B4"
        }
      }
    },
    "FleetInstanceSecurityGroupPort80LBtofleetDC12B17A": {
      "Type": "AWS::EC2::SecurityGroupIngress",
      "Properties": {
        "Description": "Port 80 LB to fleet",
        "FromPort": 80,
        "GroupId": {
          "Fn::GetAtt": [
            "FleetInstanceSecurityGroupA8C3D7AD",
            "GroupId"
          ]
        },
        "IpProtocol": "tcp",
        "SourceSecurityGroupId": {
          "Fn::GetAtt": [
            "LBSecurityGroup8A41EA2B",
            "GroupId"
          ]
        },
        "ToPort": 80
      }
    },
    "FleetInstanceRoleA605DB82": {
      "Type": "AWS::IAM::Role",
      "Properties": {
        "AssumeRolePolicyDocument": {
          "Statement": [
            {
              "Action": "sts:AssumeRole",
              "Effect": "Allow",
              "Principal": {
                "Service": "ec2.amazonaws.com"
              }
            }
          ],
          "Version": "2012-10-17"
        }
      }
    },
    "FleetInstanceProfileC6192A66": {
      "Type": "AWS::IAM::InstanceProfile",
      "Properties": {
        "Roles": [
          {
            "Ref": "FleetInstanceRoleA605DB82"
          }
        ]
      }
    },
    "FleetLaunchConfig59F79D36": {
      "Type": "AWS::AutoScaling::LaunchConfiguration",
      "Properties": {
        "IamInstanceProfile": {
          "Ref": "FleetInstanceProfileC6192A66"
        },
        "ImageId": "ami-1234",
        "InstanceType": "t2.micro",
        "SecurityGroups": [
          {
            "Fn::GetAtt": [
              "FleetInstanceSecurityGroupA8C3D7AD",
              "GroupId"
            ]
          }
        ],
        "UserData": {
          "Fn::Base64": "#!/bin/bash\n"
        }
      },
      "DependsOn": [
        "FleetInstanceRoleA605DB82"
      ]
    },
    "FleetASG3971DFE5": {
      "Type": "AWS::AutoScaling::AutoScalingGroup",
      "Properties": {
        "DesiredCapacity": "1",
        "LaunchConfigurationName": {
          "Ref": "FleetLaunchConfig59F79D36"
        },
        "LoadBalancerNames": [
          {
            "Ref": "LB8A12904C"
          }
        ],
        "MaxSize": "1",
        "MinSize": "1",
        "VPCZoneIdentifier": [
          {
            "Ref": "VPCPrivateSubnet1Subnet8BCA10E0"
          },
          {
            "Ref": "VPCPrivateSubnet2SubnetCFCDAA7A"
          },
          {
            "Ref": "VPCPrivateSubnet3Subnet3EDCD457"
          }
        ]
      }
    },
    "LBSecurityGroup8A41EA2B": {
      "Type": "AWS::EC2::SecurityGroup",
      "Properties": {
        "GroupDescription": "aws-cdk-ec2-integ/LB/SecurityGroup",
        "SecurityGroupEgress": [],
        "SecurityGroupIngress": [
          {
            "CidrIp": "0.0.0.0/0",
            "Description": "Default rule allow on 80",
            "FromPort": 80,
            "IpProtocol": "tcp",
            "ToPort": 80
          }
        ],
        "VpcId": {
          "Ref": "VPCB9E5F0B4"
        }
      }
    },
    "LBSecurityGroupPort80LBtofleet0986F2E8": {
      "Type": "AWS::EC2::SecurityGroupEgress",
      "Properties": {
        "Description": "Port 80 LB to fleet",
        "DestinationSecurityGroupId": {
          "Fn::GetAtt": [
            "FleetInstanceSecurityGroupA8C3D7AD",
            "GroupId"
          ]
        },
        "FromPort": 80,
        "GroupId": {
          "Fn::GetAtt": [
            "LBSecurityGroup8A41EA2B",
            "GroupId"
          ]
        },
        "IpProtocol": "tcp",
        "ToPort": 80
      }
    },
    "LB8A12904C": {
      "Type": "AWS::ElasticLoadBalancing::LoadBalancer",
      "Properties": {
        "HealthCheck": {
          "HealthyThreshold": "2",
          "Interval": "30",
          "Target": "HTTP:80/",
          "Timeout": "5",
          "UnhealthyThreshold": "5"
        },
        "Listeners": [
          {
            "InstancePort": "80",
            "InstanceProtocol": "http",
            "LoadBalancerPort": "80",
            "Protocol": "http"
          }
        ],
        "Scheme": "internet-facing",
        "SecurityGroups": [
          {
            "Fn::GetAtt": [
              "LBSecurityGroup8A41EA2B",
              "GroupId"
            ]
          }
        ],
        "Subnets": [
          {
            "Ref": "VPCPublicSubnet1SubnetB4246D30"
          },
          {
            "Ref": "VPCPublicSubnet2Subnet74179F39"
          },
          {
            "Ref": "VPCPublicSubnet3Subnet631C5E25"
          }
        ]
      }
    }
  }
}