{
  "Resources": {
    "ScheduleRuleDA5BD877": {
      "Type": "AWS::Events::Rule",
      "Properties": {
        "ScheduleExpression": "cron(0 0 * * ? *)",
        "State": "ENABLED",
        "Targets": [
          {
            "Arn": {
              "Fn::GetAtt": [
                "AWSb4cf1abd4e4f4bc699441af7ccd9ec371511E620",
                "Arn"
              ]
            },
            "Id": "Target0",
            "Input": "{\"service\":\"ECS\",\"action\":\"updateService\",\"parameters\":{\"service\":\"cool-service\",\"forceNewDeployment\":true}}"
          },
          {
            "Arn": {
              "Fn::GetAtt": [
                "AWSb4cf1abd4e4f4bc699441af7ccd9ec371511E620",
                "Arn"
              ]
            },
            "Id": "Target1",
            "Input": "{\"service\":\"RDS\",\"action\":\"stopDBInstance\",\"parameters\":{\"DBInstanceIdentifier\":\"dev-instance\"}}"
          }
        ]
      }
    },
    "ScheduleRuleAllowEventRuleawscdkawsapitargetintegScheduleRule51140722763E20C1": {
      "Type": "AWS::Lambda::Permission",
      "Properties": {
        "Action": "lambda:InvokeFunction",
        "FunctionName": {
          "Fn::GetAtt": [
            "AWSb4cf1abd4e4f4bc699441af7ccd9ec371511E620",
            "Arn"
          ]
        },
        "Principal": "events.amazonaws.com",
        "SourceArn": {
          "Fn::GetAtt": [
            "ScheduleRuleDA5BD877",
            "Arn"
          ]
        }
      }
    },
    "AWSb4cf1abd4e4f4bc699441af7ccd9ec37ServiceRole9FFE9C50": {
      "Type": "AWS::IAM::Role",
      "Properties": {
        "AssumeRolePolicyDocument": {
          "Statement": [
            {
              "Action": "sts:AssumeRole",
              "Effect": "Allow",
              "Principal": {
                "Service": "lambda.amazonaws.com"
              }
            }
          ],
          "Version": "2012-10-17"
        },
        "ManagedPolicyArns": [
          {
            "Fn::Join": [
              "",
              [
                "arn:",
                {
                  "Ref": "AWS::Partition"
                },
                ":iam::aws:policy/service-role/AWSLambdaBasicExecutionRole"
              ]
            ]
          }
        ]
      }
    },
    "AWSb4cf1abd4e4f4bc699441af7ccd9ec37ServiceRoleDefaultPolicy4D43A7C1": {
      "Type": "AWS::IAM::Policy",
      "Properties": {
        "PolicyDocument": {
          "Statement": [
            {
              "Action": "ecs:UpdateService",
              "Effect": "Allow",
              "Resource": "*"
            },
            {
              "Action": "rds:StopDBInstance",
              "Effect": "Allow",
              "Resource": "*"
            },
            {
              "Action": "rds:CreateDBSnapshot",
              "Effect": "Allow",
              "Resource": "*"
            }
          ],
          "Version": "2012-10-17"
        },
        "PolicyName": "AWSb4cf1abd4e4f4bc699441af7ccd9ec37ServiceRoleDefaultPolicy4D43A7C1",
        "Roles": [
          {
            "Ref": "AWSb4cf1abd4e4f4bc699441af7ccd9ec37ServiceRole9FFE9C50"
          }
        ]
      }
    },
    "AWSb4cf1abd4e4f4bc699441af7ccd9ec371511E620": {
      "Type": "AWS::Lambda::Function",
      "Properties": {
        "Code": {
          "S3Bucket": {
            "Ref": "AssetParameters4e52413f31cff0a335f5083fa6197a6cb61928644842d89026c42c2d2a98342eS3Bucket38E36746"
          },
          "S3Key": {
            "Fn::Join": [
              "",
              [
                {
                  "Fn::Select": [
                    0,
                    {
                      "Fn::Split": [
                        "||",
                        {
                          "Ref": "AssetParameters4e52413f31cff0a335f5083fa6197a6cb61928644842d89026c42c2d2a98342eS3VersionKeyFB07730C"
                        }
                      ]
                    }
                  ]
                },
                {
                  "Fn::Select": [
                    1,
                    {
                      "Fn::Split": [
                        "||",
                        {
                          "Ref": "AssetParameters4e52413f31cff0a335f5083fa6197a6cb61928644842d89026c42c2d2a98342eS3VersionKeyFB07730C"
                        }
                      ]
                    }
                  ]
                }
              ]
            ]
          }
        },
        "Handler": "index.handler",
        "Role": {
          "Fn::GetAtt": [
            "AWSb4cf1abd4e4f4bc699441af7ccd9ec37ServiceRole9FFE9C50",
            "Arn"
          ]
        },
        "Runtime": "nodejs12.x"
      },
      "DependsOn": [
        "AWSb4cf1abd4e4f4bc699441af7ccd9ec37ServiceRoleDefaultPolicy4D43A7C1",
        "AWSb4cf1abd4e4f4bc699441af7ccd9ec37ServiceRole9FFE9C50"
      ]
    },
    "PatternRule4AF6D328": {
      "Type": "AWS::Events::Rule",
      "Properties": {
        "EventPattern": {
          "detail-type": [
            "RDS DB Instance Event"
          ],
          "detail": {
            "Message": [
              "DB instance restarted"
            ]
          }
        },
        "State": "ENABLED",
        "Targets": [
          {
            "Arn": {
              "Fn::GetAtt": [
                "AWSb4cf1abd4e4f4bc699441af7ccd9ec371511E620",
                "Arn"
              ]
            },
            "Id": "Target0",
            "InputTransformer": {
              "InputPathsMap": {
                "detail-SourceArn": "$.detail.SourceArn"
              },
              "InputTemplate": "{\"service\":\"RDS\",\"action\":\"createDBSnapshot\",\"parameters\":{\"DBInstanceIdentifier\":<detail-SourceArn>}}"
            }
          }
        ]
      }
    },
    "PatternRuleAllowEventRuleawscdkawsapitargetintegPatternRule3D388581AA4F776B": {
      "Type": "AWS::Lambda::Permission",
      "Properties": {
        "Action": "lambda:InvokeFunction",
        "FunctionName": {
          "Fn::GetAtt": [
            "AWSb4cf1abd4e4f4bc699441af7ccd9ec371511E620",
            "Arn"
          ]
        },
        "Principal": "events.amazonaws.com",
        "SourceArn": {
          "Fn::GetAtt": [
            "PatternRule4AF6D328",
            "Arn"
          ]
        }
      }
    }
  },
  "Parameters": {
    "AssetParameters4e52413f31cff0a335f5083fa6197a6cb61928644842d89026c42c2d2a98342eS3Bucket38E36746": {
      "Type": "String",
      "Description": "S3 bucket for asset \"4e52413f31cff0a335f5083fa6197a6cb61928644842d89026c42c2d2a98342e\""
    },
    "AssetParameters4e52413f31cff0a335f5083fa6197a6cb61928644842d89026c42c2d2a98342eS3VersionKeyFB07730C": {
      "Type": "String",
      "Description": "S3 key for asset version \"4e52413f31cff0a335f5083fa6197a6cb61928644842d89026c42c2d2a98342e\""
    },
    "AssetParameters4e52413f31cff0a335f5083fa6197a6cb61928644842d89026c42c2d2a98342eArtifactHash3C551617": {
      "Type": "String",
      "Description": "Artifact hash for asset \"4e52413f31cff0a335f5083fa6197a6cb61928644842d89026c42c2d2a98342e\""
    }
  }
}