{
  "Resources": {
    "MyBucketKeyC17130CF": {
      "Type": "AWS::KMS::Key",
      "Properties": {
        "Description": "Created by aws-cdk-s3/MyBucket",
        "KeyPolicy": {
          "Statement": [
            {
              "Action": [
                "kms:Create*",
                "kms:Describe*",
                "kms:Enable*",
                "kms:List*",
                "kms:Put*",
                "kms:Update*",
                "kms:Revoke*",
                "kms:Disable*",
                "kms:Get*",
                "kms:Delete*",
                "kms:ScheduleKeyDeletion",
                "kms:CancelKeyDeletion"
              ],
              "Effect": "Allow",
              "Principal": {
                "AWS": {
                  "Fn::Join": [
                    "",
                    [
                      "arn:",
                      {
                        "Ref": "AWS::Partition"
                      },
                      ":iam::",
                      {
                        "Ref": "AWS::AccountId"
                      },
                      ":root"
                    ]
                  ]
                }
              },
              "Resource": "*"
            },
            {
              "Action": [
                "kms:Decrypt",
                "kms:DescribeKey",
                "kms:Encrypt",
                "kms:ReEncrypt*",
                "kms:GenerateDataKey*"
              ],
              "Effect": "Allow",
              "Principal": {
                "AWS": {
                  "Fn::GetAtt": [
                    "MyUserDC45028B",
                    "Arn"
                  ]
                }
              },
              "Resource": "*"
            }
          ],
          "Version": "2012-10-17"
        }
      },
      "DeletionPolicy": "Retain"
    },
    "MyBucketF68F3FF0": {
      "Type": "AWS::S3::Bucket",
      "Properties": {
        "BucketEncryption": {
          "ServerSideEncryptionConfiguration": [
            {
              "ServerSideEncryptionByDefault": {
                "KMSMasterKeyID": {
                  "Fn::GetAtt": [
                    "MyBucketKeyC17130CF",
                    "Arn"
                  ]
                },
                "SSEAlgorithm": "aws:kms"
              }
            }
          ]
        }
      }
    },
    "MyBucketPolicyE7FBAC7B": {
      "Type": "AWS::S3::BucketPolicy",
      "Properties": {
        "Bucket": {
          "Ref": "MyBucketF68F3FF0"
        },
        "PolicyDocument": {
          "Statement": [
            {
              "Action": [
                "s3:GetObject*",
                "s3:GetBucket*",
                "s3:List*",
                "s3:PutObject*",
                "s3:DeleteObject*",
                "s3:Abort*"
              ],
              "Effect": "Allow",
              "Principal": {
                "AWS": {
                  "Fn::GetAtt": [
                    "MyUserDC45028B",
                    "Arn"
                  ]
                }
              },
              "Resource": [
                {
                  "Fn::GetAtt": [
                    "MyBucketF68F3FF0",
                    "Arn"
                  ]
                },
                {
                  "Fn::Join": [
                    "",
                    [
                      {
                        "Fn::GetAtt": [
                          "MyBucketF68F3FF0",
                          "Arn"
                        ]
                      },
                      "/",
                      "*"
                    ]
                  ]
                }
              ]
            }
          ],
          "Version": "2012-10-17"
        }
      }
    },
    "MyUserDC45028B": {
      "Type": "AWS::IAM::User"
    },
    "MyUserDefaultPolicy7B897426": {
      "Type": "AWS::IAM::Policy",
      "Properties": {
        "PolicyDocument": {
          "Statement": [
            {
              "Action": [
                "s3:GetObject*",
                "s3:GetBucket*",
                "s3:List*",
                "s3:PutObject*",
                "s3:DeleteObject*",
                "s3:Abort*"
              ],
              "Effect": "Allow",
              "Resource": [
                {
                  "Fn::GetAtt": [
                    "MyBucketF68F3FF0",
                    "Arn"
                  ]
                },
                {
                  "Fn::Join": [
                    "",
                    [
                      {
                        "Fn::GetAtt": [
                          "MyBucketF68F3FF0",
                          "Arn"
                        ]
                      },
                      "/",
                      "*"
                    ]
                  ]
                }
              ]
            },
            {
              "Action": [
                "kms:Decrypt",
                "kms:DescribeKey",
                "kms:Encrypt",
                "kms:ReEncrypt*",
                "kms:GenerateDataKey*"
              ],
              "Effect": "Allow",
              "Resource": {
                "Fn::GetAtt": [
                  "MyBucketKeyC17130CF",
                  "Arn"
                ]
              }
            }
          ],
          "Version": "2012-10-17"
        },
        "PolicyName": "MyUserDefaultPolicy7B897426",
        "Users": [
          {
            "Ref": "MyUserDC45028B"
          }
        ]
      }
    }
  }
}