{
  "Resources": {
    "VPCB9E5F0B4": {
      "Type": "AWS::EC2::VPC",
      "Properties": {
        "CidrBlock": "10.0.0.0/16",
        "EnableDnsHostnames": true,
        "EnableDnsSupport": true,
        "InstanceTenancy": "default",
        "Tags": [
          {
            "Key": "Name",
            "Value": "aws-cdk-rds-instance-s3-integ/VPC"
          }
        ]
      }
    },
    "VPCPublicSubnet1SubnetB4246D30": {
      "Type": "AWS::EC2::Subnet",
      "Properties": {
        "CidrBlock": "10.0.0.0/18",
        "VpcId": {
          "Ref": "VPCB9E5F0B4"
        },
        "AvailabilityZone": "test-region-1a",
        "MapPublicIpOnLaunch": true,
        "Tags": [
          {
            "Key": "aws-cdk:subnet-name",
            "Value": "Public"
          },
          {
            "Key": "aws-cdk:subnet-type",
            "Value": "Public"
          },
          {
            "Key": "Name",
            "Value": "aws-cdk-rds-instance-s3-integ/VPC/PublicSubnet1"
          }
        ]
      }
    },
    "VPCPublicSubnet1RouteTableFEE4B781": {
      "Type": "AWS::EC2::RouteTable",
      "Properties": {
        "VpcId": {
          "Ref": "VPCB9E5F0B4"
        },
        "Tags": [
          {
            "Key": "Name",
            "Value": "aws-cdk-rds-instance-s3-integ/VPC/PublicSubnet1"
          }
        ]
      }
    },
    "VPCPublicSubnet1RouteTableAssociation0B0896DC": {
      "Type": "AWS::EC2::SubnetRouteTableAssociation",
      "Properties": {
        "RouteTableId": {
          "Ref": "VPCPublicSubnet1RouteTableFEE4B781"
        },
        "SubnetId": {
          "Ref": "VPCPublicSubnet1SubnetB4246D30"
        }
      }
    },
    "VPCPublicSubnet1DefaultRoute91CEF279": {
      "Type": "AWS::EC2::Route",
      "Properties": {
        "RouteTableId": {
          "Ref": "VPCPublicSubnet1RouteTableFEE4B781"
        },
        "DestinationCidrBlock": "0.0.0.0/0",
        "GatewayId": {
          "Ref": "VPCIGWB7E252D3"
        }
      },
      "DependsOn": [
        "VPCVPCGW99B986DC"
      ]
    },
    "VPCPublicSubnet1EIP6AD938E8": {
      "Type": "AWS::EC2::EIP",
      "Properties": {
        "Domain": "vpc",
        "Tags": [
          {
            "Key": "Name",
            "Value": "aws-cdk-rds-instance-s3-integ/VPC/PublicSubnet1"
          }
        ]
      }
    },
    "VPCPublicSubnet1NATGatewayE0556630": {
      "Type": "AWS::EC2::NatGateway",
      "Properties": {
        "AllocationId": {
          "Fn::GetAtt": [
            "VPCPublicSubnet1EIP6AD938E8",
            "AllocationId"
          ]
        },
        "SubnetId": {
          "Ref": "VPCPublicSubnet1SubnetB4246D30"
        },
        "Tags": [
          {
            "Key": "Name",
            "Value": "aws-cdk-rds-instance-s3-integ/VPC/PublicSubnet1"
          }
        ]
      }
    },
    "VPCPublicSubnet2Subnet74179F39": {
      "Type": "AWS::EC2::Subnet",
      "Properties": {
        "CidrBlock": "10.0.64.0/18",
        "VpcId": {
          "Ref": "VPCB9E5F0B4"
        },
        "AvailabilityZone": "test-region-1b",
        "MapPublicIpOnLaunch": true,
        "Tags": [
          {
            "Key": "aws-cdk:subnet-name",
            "Value": "Public"
          },
          {
            "Key": "aws-cdk:subnet-type",
            "Value": "Public"
          },
          {
            "Key": "Name",
            "Value": "aws-cdk-rds-instance-s3-integ/VPC/PublicSubnet2"
          }
        ]
      }
    },
    "VPCPublicSubnet2RouteTable6F1A15F1": {
      "Type": "AWS::EC2::RouteTable",
      "Properties": {
        "VpcId": {
          "Ref": "VPCB9E5F0B4"
        },
        "Tags": [
          {
            "Key": "Name",
            "Value": "aws-cdk-rds-instance-s3-integ/VPC/PublicSubnet2"
          }
        ]
      }
    },
    "VPCPublicSubnet2RouteTableAssociation5A808732": {
      "Type": "AWS::EC2::SubnetRouteTableAssociation",
      "Properties": {
        "RouteTableId": {
          "Ref": "VPCPublicSubnet2RouteTable6F1A15F1"
        },
        "SubnetId": {
          "Ref": "VPCPublicSubnet2Subnet74179F39"
        }
      }
    },
    "VPCPublicSubnet2DefaultRouteB7481BBA": {
      "Type": "AWS::EC2::Route",
      "Properties": {
        "RouteTableId": {
          "Ref": "VPCPublicSubnet2RouteTable6F1A15F1"
        },
        "DestinationCidrBlock": "0.0.0.0/0",
        "GatewayId": {
          "Ref": "VPCIGWB7E252D3"
        }
      },
      "DependsOn": [
        "VPCVPCGW99B986DC"
      ]
    },
    "VPCPublicSubnet2EIP4947BC00": {
      "Type": "AWS::EC2::EIP",
      "Properties": {
        "Domain": "vpc",
        "Tags": [
          {
            "Key": "Name",
            "Value": "aws-cdk-rds-instance-s3-integ/VPC/PublicSubnet2"
          }
        ]
      }
    },
    "VPCPublicSubnet2NATGateway3C070193": {
      "Type": "AWS::EC2::NatGateway",
      "Properties": {
        "AllocationId": {
          "Fn::GetAtt": [
            "VPCPublicSubnet2EIP4947BC00",
            "AllocationId"
          ]
        },
        "SubnetId": {
          "Ref": "VPCPublicSubnet2Subnet74179F39"
        },
        "Tags": [
          {
            "Key": "Name",
            "Value": "aws-cdk-rds-instance-s3-integ/VPC/PublicSubnet2"
          }
        ]
      }
    },
    "VPCPrivateSubnet1Subnet8BCA10E0": {
      "Type": "AWS::EC2::Subnet",
      "Properties": {
        "CidrBlock": "10.0.128.0/18",
        "VpcId": {
          "Ref": "VPCB9E5F0B4"
        },
        "AvailabilityZone": "test-region-1a",
        "MapPublicIpOnLaunch": false,
        "Tags": [
          {
            "Key": "aws-cdk:subnet-name",
            "Value": "Private"
          },
          {
            "Key": "aws-cdk:subnet-type",
            "Value": "Private"
          },
          {
            "Key": "Name",
            "Value": "aws-cdk-rds-instance-s3-integ/VPC/PrivateSubnet1"
          }
        ]
      }
    },
    "VPCPrivateSubnet1RouteTableBE8A6027": {
      "Type": "AWS::EC2::RouteTable",
      "Properties": {
        "VpcId": {
          "Ref": "VPCB9E5F0B4"
        },
        "Tags": [
          {
            "Key": "Name",
            "Value": "aws-cdk-rds-instance-s3-integ/VPC/PrivateSubnet1"
          }
        ]
      }
    },
    "VPCPrivateSubnet1RouteTableAssociation347902D1": {
      "Type": "AWS::EC2::SubnetRouteTableAssociation",
      "Properties": {
        "RouteTableId": {
          "Ref": "VPCPrivateSubnet1RouteTableBE8A6027"
        },
        "SubnetId": {
          "Ref": "VPCPrivateSubnet1Subnet8BCA10E0"
        }
      }
    },
    "VPCPrivateSubnet1DefaultRouteAE1D6490": {
      "Type": "AWS::EC2::Route",
      "Properties": {
        "RouteTableId": {
          "Ref": "VPCPrivateSubnet1RouteTableBE8A6027"
        },
        "DestinationCidrBlock": "0.0.0.0/0",
        "NatGatewayId": {
          "Ref": "VPCPublicSubnet1NATGatewayE0556630"
        }
      }
    },
    "VPCPrivateSubnet2SubnetCFCDAA7A": {
      "Type": "AWS::EC2::Subnet",
      "Properties": {
        "CidrBlock": "10.0.192.0/18",
        "VpcId": {
          "Ref": "VPCB9E5F0B4"
        },
        "AvailabilityZone": "test-region-1b",
        "MapPublicIpOnLaunch": false,
        "Tags": [
          {
            "Key": "aws-cdk:subnet-name",
            "Value": "Private"
          },
          {
            "Key": "aws-cdk:subnet-type",
            "Value": "Private"
          },
          {
            "Key": "Name",
            "Value": "aws-cdk-rds-instance-s3-integ/VPC/PrivateSubnet2"
          }
        ]
      }
    },
    "VPCPrivateSubnet2RouteTable0A19E10E": {
      "Type": "AWS::EC2::RouteTable",
      "Properties": {
        "VpcId": {
          "Ref": "VPCB9E5F0B4"
        },
        "Tags": [
          {
            "Key": "Name",
            "Value": "aws-cdk-rds-instance-s3-integ/VPC/PrivateSubnet2"
          }
        ]
      }
    },
    "VPCPrivateSubnet2RouteTableAssociation0C73D413": {
      "Type": "AWS::EC2::SubnetRouteTableAssociation",
      "Properties": {
        "RouteTableId": {
          "Ref": "VPCPrivateSubnet2RouteTable0A19E10E"
        },
        "SubnetId": {
          "Ref": "VPCPrivateSubnet2SubnetCFCDAA7A"
        }
      }
    },
    "VPCPrivateSubnet2DefaultRouteF4F5CFD2": {
      "Type": "AWS::EC2::Route",
      "Properties": {
        "RouteTableId": {
          "Ref": "VPCPrivateSubnet2RouteTable0A19E10E"
        },
        "DestinationCidrBlock": "0.0.0.0/0",
        "NatGatewayId": {
          "Ref": "VPCPublicSubnet2NATGateway3C070193"
        }
      }
    },
    "VPCIGWB7E252D3": {
      "Type": "AWS::EC2::InternetGateway",
      "Properties": {
        "Tags": [
          {
            "Key": "Name",
            "Value": "aws-cdk-rds-instance-s3-integ/VPC"
          }
        ]
      }
    },
    "VPCVPCGW99B986DC": {
      "Type": "AWS::EC2::VPCGatewayAttachment",
      "Properties": {
        "VpcId": {
          "Ref": "VPCB9E5F0B4"
        },
        "InternetGatewayId": {
          "Ref": "VPCIGWB7E252D3"
        }
      }
    },
    "ImportBucketBAF3A8E9": {
      "Type": "AWS::S3::Bucket",
      "UpdateReplacePolicy": "Delete",
      "DeletionPolicy": "Delete"
    },
    "ExportBucket4E99310E": {
      "Type": "AWS::S3::Bucket",
      "UpdateReplacePolicy": "Delete",
      "DeletionPolicy": "Delete"
    },
    "DatabaseSubnetGroup7D60F180": {
      "Type": "AWS::RDS::DBSubnetGroup",
      "Properties": {
        "DBSubnetGroupDescription": "Subnet group for Database database",
        "SubnetIds": [
          {
            "Ref": "VPCPrivateSubnet1Subnet8BCA10E0"
          },
          {
            "Ref": "VPCPrivateSubnet2SubnetCFCDAA7A"
          }
        ]
      }
    },
    "DatabaseSecurityGroup5C91FDCB": {
      "Type": "AWS::EC2::SecurityGroup",
      "Properties": {
        "GroupDescription": "Security group for Database database",
        "SecurityGroupEgress": [
          {
            "CidrIp": "0.0.0.0/0",
            "Description": "Allow all outbound traffic by default",
            "IpProtocol": "-1"
          }
        ],
        "VpcId": {
          "Ref": "VPCB9E5F0B4"
        }
      }
    },
    "DatabaseS3ImportRole377BC9C0": {
      "Type": "AWS::IAM::Role",
      "Properties": {
        "AssumeRolePolicyDocument": {
          "Statement": [
            {
              "Action": "sts:AssumeRole",
              "Effect": "Allow",
              "Principal": {
                "Service": "rds.amazonaws.com"
              }
            }
          ],
          "Version": "2012-10-17"
        }
      }
    },
    "DatabaseS3ImportRoleDefaultPolicyA60A7342": {
      "Type": "AWS::IAM::Policy",
      "Properties": {
        "PolicyDocument": {
          "Statement": [
            {
              "Action": [
                "s3:GetObject*",
                "s3:GetBucket*",
                "s3:List*"
              ],
              "Effect": "Allow",
              "Resource": [
                {
                  "Fn::GetAtt": [
                    "ImportBucketBAF3A8E9",
                    "Arn"
                  ]
                },
                {
                  "Fn::Join": [
                    "",
                    [
                      {
                        "Fn::GetAtt": [
                          "ImportBucketBAF3A8E9",
                          "Arn"
                        ]
                      },
                      "/*"
                    ]
                  ]
                }
              ]
            },
            {
              "Action": [
                "s3:GetObject*",
                "s3:GetBucket*",
                "s3:List*",
                "s3:DeleteObject*",
                "s3:PutObject*",
                "s3:Abort*"
              ],
              "Effect": "Allow",
              "Resource": [
                {
                  "Fn::GetAtt": [
                    "ExportBucket4E99310E",
                    "Arn"
                  ]
                },
                {
                  "Fn::Join": [
                    "",
                    [
                      {
                        "Fn::GetAtt": [
                          "ExportBucket4E99310E",
                          "Arn"
                        ]
                      },
                      "/*"
                    ]
                  ]
                }
              ]
            }
          ],
          "Version": "2012-10-17"
        },
        "PolicyName": "DatabaseS3ImportRoleDefaultPolicyA60A7342",
        "Roles": [
          {
            "Ref": "DatabaseS3ImportRole377BC9C0"
          }
        ]
      }
    },
    "DatabaseInstanceOptionGroupDA39E317": {
      "Type": "AWS::RDS::OptionGroup",
      "Properties": {
        "EngineName": "sqlserver-se",
        "MajorEngineVersion": "14.00",
        "OptionConfigurations": [
          {
            "OptionName": "SQLSERVER_BACKUP_RESTORE",
            "OptionSettings": [
              {
                "Name": "IAM_ROLE_ARN",
                "Value": {
                  "Fn::GetAtt": [
                    "DatabaseS3ImportRole377BC9C0",
                    "Arn"
                  ]
                }
              }
            ]
          }
        ],
        "OptionGroupDescription": "Option group for sqlserver-se 14.00"
      }
    },
    "DatabaseSecret3B817195": {
      "Type": "AWS::SecretsManager::Secret",
      "Properties": {
        "Description": {
          "Fn::Join": [
            "",
            [
              "Generated by the CDK for stack: ",
              {
                "Ref": "AWS::StackName"
              }
            ]
          ]
        },
        "GenerateSecretString": {
          "ExcludeCharacters": " %+~`#$&*()|[]{}:;<>?!'/@\"\\",
          "GenerateStringKey": "password",
          "PasswordLength": 30,
          "SecretStringTemplate": "{\"username\":\"admin\"}"
        }
      }
    },
    "DatabaseSecretAttachmentE5D1B020": {
      "Type": "AWS::SecretsManager::SecretTargetAttachment",
      "Properties": {
        "SecretId": {
          "Ref": "DatabaseSecret3B817195"
        },
        "TargetId": {
          "Ref": "DatabaseB269D8BB"
        },
        "TargetType": "AWS::RDS::DBInstance"
      }
    },
    "DatabaseB269D8BB": {
      "Type": "AWS::RDS::DBInstance",
      "Properties": {
        "DBInstanceClass": "db.m5.large",
        "AllocatedStorage": "100",
        "AssociatedRoles": [
          {
            "FeatureName": "S3_INTEGRATION",
            "RoleArn": {
              "Fn::GetAtt": [
                "DatabaseS3ImportRole377BC9C0",
                "Arn"
              ]
            }
          }
        ],
        "CopyTagsToSnapshot": true,
        "DBSubnetGroupName": {
          "Ref": "DatabaseSubnetGroup7D60F180"
        },
        "Engine": "sqlserver-se",
        "EngineVersion": "14.00.3192.2.v1",
        "LicenseModel": "license-included",
        "MasterUsername": {
          "Fn::Join": [
            "",
            [
              "{{resolve:secretsmanager:",
              {
                "Ref": "DatabaseSecret3B817195"
              },
              ":SecretString:username::}}"
            ]
          ]
        },
        "MasterUserPassword": {
          "Fn::Join": [
            "",
            [
              "{{resolve:secretsmanager:",
              {
                "Ref": "DatabaseSecret3B817195"
              },
              ":SecretString:password::}}"
            ]
          ]
        },
        "OptionGroupName": {
          "Ref": "DatabaseInstanceOptionGroupDA39E317"
        },
        "StorageType": "gp2",
        "VPCSecurityGroups": [
          {
            "Fn::GetAtt": [
              "DatabaseSecurityGroup5C91FDCB",
              "GroupId"
            ]
          }
        ]
      },
      "UpdateReplacePolicy": "Delete",
      "DeletionPolicy": "Delete"
    }
  }
}
