{
  "Resources": {
    "PipelineBucketB967BD35": {
      "Type": "AWS::S3::Bucket",
      "Properties": {
        "VersioningConfiguration": {
          "Status": "Enabled"
        }
      },
      "UpdateReplacePolicy": "Delete",
      "DeletionPolicy": "Delete"
    },
    "DeployBucket67E2C076": {
      "Type": "AWS::S3::Bucket",
      "UpdateReplacePolicy": "Delete",
      "DeletionPolicy": "Delete"
    },
    "PipelineRoleD68726F7": {
      "Type": "AWS::IAM::Role",
      "Properties": {
        "AssumeRolePolicyDocument": {
          "Statement": [
            {
              "Action": "sts:AssumeRole",
              "Effect": "Allow",
              "Principal": {
                "Service": "codepipeline.amazonaws.com"
              }
            }
          ],
          "Version": "2012-10-17"
        }
      }
    },
    "PipelineRoleDefaultPolicyC7A05455": {
      "Type": "AWS::IAM::Policy",
      "Properties": {
        "PolicyDocument": {
          "Statement": [
            {
              "Action": [
                "s3:GetObject*",
                "s3:GetBucket*",
                "s3:List*",
                "s3:DeleteObject*",
                "s3:PutObject*",
                "s3:Abort*"
              ],
              "Effect": "Allow",
              "Resource": [
                {
                  "Fn::GetAtt": [
                    "PipelineBucketB967BD35",
                    "Arn"
                  ]
                },
                {
                  "Fn::Join": [
                    "",
                    [
                      {
                        "Fn::GetAtt": [
                          "PipelineBucketB967BD35",
                          "Arn"
                        ]
                      },
                      "/*"
                    ]
                  ]
                }
              ]
            },
            {
              "Action": "sts:AssumeRole",
              "Effect": "Allow",
              "Resource": {
                "Fn::GetAtt": [
                  "PipelineSourceCodePipelineActionRoleC6F9E7F5",
                  "Arn"
                ]
              }
            },
            {
              "Action": "sts:AssumeRole",
              "Effect": "Allow",
              "Resource": {
                "Fn::GetAtt": [
                  "PipelineDeployDeployActionCodePipelineActionRole1C288A60",
                  "Arn"
                ]
              }
            }
          ],
          "Version": "2012-10-17"
        },
        "PolicyName": "PipelineRoleDefaultPolicyC7A05455",
        "Roles": [
          {
            "Ref": "PipelineRoleD68726F7"
          }
        ]
      }
    },
    "PipelineC660917D": {
      "Type": "AWS::CodePipeline::Pipeline",
      "Properties": {
        "RoleArn": {
          "Fn::GetAtt": [
            "PipelineRoleD68726F7",
            "Arn"
          ]
        },
        "Stages": [
          {
            "Actions": [
              {
                "ActionTypeId": {
                  "Category": "Source",
                  "Owner": "AWS",
                  "Provider": "S3",
                  "Version": "1"
                },
                "Configuration": {
                  "S3Bucket": {
                    "Ref": "PipelineBucketB967BD35"
                  },
                  "S3ObjectKey": "key"
                },
                "Name": "Source",
                "OutputArtifacts": [
                  {
                    "Name": "SourceArtifact"
                  }
                ],
                "RoleArn": {
                  "Fn::GetAtt": [
                    "PipelineSourceCodePipelineActionRoleC6F9E7F5",
                    "Arn"
                  ]
                },
                "RunOrder": 1
              }
            ],
            "Name": "Source"
          },
          {
            "Actions": [
              {
                "ActionTypeId": {
                  "Category": "Deploy",
                  "Owner": "AWS",
                  "Provider": "S3",
                  "Version": "1"
                },
                "Configuration": {
                  "BucketName": {
                    "Ref": "DeployBucket67E2C076"
                  },
                  "Extract": "true",
                  "CannedACL": "public-read",
                  "CacheControl": "public, max-age=43200"
                },
                "InputArtifacts": [
                  {
                    "Name": "SourceArtifact"
                  }
                ],
                "Name": "DeployAction",
                "RoleArn": {
                  "Fn::GetAtt": [
                    "PipelineDeployDeployActionCodePipelineActionRole1C288A60",
                    "Arn"
                  ]
                },
                "RunOrder": 1
              }
            ],
            "Name": "Deploy"
          }
        ],
        "ArtifactStore": {
          "Location": {
            "Ref": "PipelineBucketB967BD35"
          },
          "Type": "S3"
        }
      },
      "DependsOn": [
        "PipelineRoleDefaultPolicyC7A05455",
        "PipelineRoleD68726F7"
      ]
    },
    "PipelineSourceCodePipelineActionRoleC6F9E7F5": {
      "Type": "AWS::IAM::Role",
      "Properties": {
        "AssumeRolePolicyDocument": {
          "Statement": [
            {
              "Action": "sts:AssumeRole",
              "Effect": "Allow",
              "Principal": {
                "AWS": {
                  "Fn::Join": [
                    "",
                    [
                      "arn:",
                      {
                        "Ref": "AWS::Partition"
                      },
                      ":iam::",
                      {
                        "Ref": "AWS::AccountId"
                      },
                      ":root"
                    ]
                  ]
                }
              }
            }
          ],
          "Version": "2012-10-17"
        }
      }
    },
    "PipelineSourceCodePipelineActionRoleDefaultPolicy2D565925": {
      "Type": "AWS::IAM::Policy",
      "Properties": {
        "PolicyDocument": {
          "Statement": [
            {
              "Action": [
                "s3:GetObject*",
                "s3:GetBucket*",
                "s3:List*"
              ],
              "Effect": "Allow",
              "Resource": [
                {
                  "Fn::GetAtt": [
                    "PipelineBucketB967BD35",
                    "Arn"
                  ]
                },
                {
                  "Fn::Join": [
                    "",
                    [
                      {
                        "Fn::GetAtt": [
                          "PipelineBucketB967BD35",
                          "Arn"
                        ]
                      },
                      "/*"
                    ]
                  ]
                }
              ]
            },
            {
              "Action": [
                "s3:DeleteObject*",
                "s3:PutObject*",
                "s3:Abort*"
              ],
              "Effect": "Allow",
              "Resource": [
                {
                  "Fn::GetAtt": [
                    "PipelineBucketB967BD35",
                    "Arn"
                  ]
                },
                {
                  "Fn::Join": [
                    "",
                    [
                      {
                        "Fn::GetAtt": [
                          "PipelineBucketB967BD35",
                          "Arn"
                        ]
                      },
                      "/*"
                    ]
                  ]
                }
              ]
            }
          ],
          "Version": "2012-10-17"
        },
        "PolicyName": "PipelineSourceCodePipelineActionRoleDefaultPolicy2D565925",
        "Roles": [
          {
            "Ref": "PipelineSourceCodePipelineActionRoleC6F9E7F5"
          }
        ]
      }
    },
    "PipelineDeployDeployActionCodePipelineActionRole1C288A60": {
      "Type": "AWS::IAM::Role",
      "Properties": {
        "AssumeRolePolicyDocument": {
          "Statement": [
            {
              "Action": "sts:AssumeRole",
              "Effect": "Allow",
              "Principal": {
                "AWS": {
                  "Fn::Join": [
                    "",
                    [
                      "arn:",
                      {
                        "Ref": "AWS::Partition"
                      },
                      ":iam::",
                      {
                        "Ref": "AWS::AccountId"
                      },
                      ":root"
                    ]
                  ]
                }
              }
            }
          ],
          "Version": "2012-10-17"
        }
      }
    },
    "PipelineDeployDeployActionCodePipelineActionRoleDefaultPolicyE194961B": {
      "Type": "AWS::IAM::Policy",
      "Properties": {
        "PolicyDocument": {
          "Statement": [
            {
              "Action": [
                "s3:DeleteObject*",
                "s3:PutObject*",
                "s3:Abort*"
              ],
              "Effect": "Allow",
              "Resource": [
                {
                  "Fn::GetAtt": [
                    "DeployBucket67E2C076",
                    "Arn"
                  ]
                },
                {
                  "Fn::Join": [
                    "",
                    [
                      {
                        "Fn::GetAtt": [
                          "DeployBucket67E2C076",
                          "Arn"
                        ]
                      },
                      "/*"
                    ]
                  ]
                }
              ]
            },
            {
              "Action": "s3:PutObjectAcl",
              "Effect": "Allow",
              "Resource": {
                "Fn::Join": [
                  "",
                  [
                    {
                      "Fn::GetAtt": [
                        "DeployBucket67E2C076",
                        "Arn"
                      ]
                    },
                    "/*"
                  ]
                ]
              }
            },
            {
              "Action": [
                "s3:GetObject*",
                "s3:GetBucket*",
                "s3:List*"
              ],
              "Effect": "Allow",
              "Resource": [
                {
                  "Fn::GetAtt": [
                    "PipelineBucketB967BD35",
                    "Arn"
                  ]
                },
                {
                  "Fn::Join": [
                    "",
                    [
                      {
                        "Fn::GetAtt": [
                          "PipelineBucketB967BD35",
                          "Arn"
                        ]
                      },
                      "/*"
                    ]
                  ]
                }
              ]
            }
          ],
          "Version": "2012-10-17"
        },
        "PolicyName": "PipelineDeployDeployActionCodePipelineActionRoleDefaultPolicyE194961B",
        "Roles": [
          {
            "Ref": "PipelineDeployDeployActionCodePipelineActionRole1C288A60"
          }
        ]
      }
    }
  }
}