{
  "Resources": {
    "MyBucketF68F3FF0": {
      "Type": "AWS::S3::Bucket",
      "Properties": {
        "VersioningConfiguration": {
          "Status": "Enabled"
        }
      }
    },
    "MyPipelineRoleC0D47CA4": {
      "Type": "AWS::IAM::Role",
      "Properties": {
        "AssumeRolePolicyDocument": {
          "Statement": [
            {
              "Action": "sts:AssumeRole",
              "Effect": "Allow",
              "Principal": {
                "Service": "codepipeline.amazonaws.com"
              }
            }
          ],
          "Version": "2012-10-17"
        }
      }
    },
    "MyPipelineRoleDefaultPolicy34F09EFA": {
      "Type": "AWS::IAM::Policy",
      "Properties": {
        "PolicyDocument": {
          "Statement": [
            {
              "Action": [
                "s3:GetObject*",
                "s3:GetBucket*",
                "s3:List*",
                "s3:DeleteObject*",
                "s3:PutObject*",
                "s3:Abort*"
              ],
              "Effect": "Allow",
              "Resource": [
                {
                  "Fn::GetAtt": [
                    "MyBucketF68F3FF0",
                    "Arn"
                  ]
                },
                {
                  "Fn::Join": [
                    "",
                    [
                      {
                        "Fn::GetAtt": [
                          "MyBucketF68F3FF0",
                          "Arn"
                        ]
                      },
                      "/*"
                    ]
                  ]
                }
              ]
            },
            {
              "Action": [
                "s3:GetObject*",
                "s3:GetBucket*",
                "s3:List*"
              ],
              "Effect": "Allow",
              "Resource": [
                {
                  "Fn::GetAtt": [
                    "MyBucketF68F3FF0",
                    "Arn"
                  ]
                },
                {
                  "Fn::Join": [
                    "",
                    [
                      {
                        "Fn::GetAtt": [
                          "MyBucketF68F3FF0",
                          "Arn"
                        ]
                      },
                      "/*"
                    ]
                  ]
                }
              ]
            },
            {
              "Action": "iam:PassRole",
              "Effect": "Allow",
              "Resource": {
                "Fn::GetAtt": [
                  "MyPipelineCFNCFNDeployRole9CC99B3F",
                  "Arn"
                ]
              }
            },
            {
              "Action": [
                "cloudformation:CreateStack",
                "cloudformation:DescribeStack*",
                "cloudformation:GetStackPolicy",
                "cloudformation:GetTemplate*",
                "cloudformation:SetStackPolicy",
                "cloudformation:UpdateStack",
                "cloudformation:ValidateTemplate"
              ],
              "Effect": "Allow",
              "Resource": {
                "Fn::Join": [
                  "",
                  [
                    "arn:",
                    {
                      "Ref": "AWS::Partition"
                    },
                    ":cloudformation:",
                    {
                      "Ref": "AWS::Region"
                    },
                    ":",
                    {
                      "Ref": "AWS::AccountId"
                    },
                    ":stack/aws-cdk-codepipeline-cross-region-deploy-stack/*"
                  ]
                ]
              }
            },
            {
              "Action": [
                "sts:AssumeRole",
                "iam:PassRole"
              ],
              "Effect": "Allow",
              "Resource": "*"
            }
          ],
          "Version": "2012-10-17"
        },
        "PolicyName": "MyPipelineRoleDefaultPolicy34F09EFA",
        "Roles": [
          {
            "Ref": "MyPipelineRoleC0D47CA4"
          }
        ]
      }
    },
    "MyPipelineAED38ECF": {
      "Type": "AWS::CodePipeline::Pipeline",
      "Properties": {
        "RoleArn": {
          "Fn::GetAtt": [
            "MyPipelineRoleC0D47CA4",
            "Arn"
          ]
        },
        "Stages": [
          {
            "Actions": [
              {
                "ActionTypeId": {
                  "Category": "Source",
                  "Owner": "AWS",
                  "Provider": "S3",
                  "Version": "1"
                },
                "Configuration": {
                  "S3Bucket": {
                    "Ref": "MyBucketF68F3FF0"
                  },
                  "S3ObjectKey": "some/path"
                },
                "InputArtifacts": [],
                "Name": "S3",
                "OutputArtifacts": [
                  {
                    "Name": "Artifact_S3_awscdkcodepipelinecloudformationcrossregionwithactionroleMyBucketBDA230BF"
                  }
                ],
                "RunOrder": 1
              }
            ],
            "Name": "Source"
          },
          {
            "Actions": [
              {
                "ActionTypeId": {
                  "Category": "Deploy",
                  "Owner": "AWS",
                  "Provider": "CloudFormation",
                  "Version": "1"
                },
                "Configuration": {
                  "StackName": "aws-cdk-codepipeline-cross-region-deploy-stack",
                  "ActionMode": "CREATE_UPDATE",
                  "TemplatePath": "Artifact_S3_awscdkcodepipelinecloudformationcrossregionwithactionroleMyBucketBDA230BF::template.yml",
                  "RoleArn": {
                    "Fn::GetAtt": [
                      "MyPipelineCFNCFNDeployRole9CC99B3F",
                      "Arn"
                    ]
                  }
                },
                "InputArtifacts": [
                  {
                    "Name": "Artifact_S3_awscdkcodepipelinecloudformationcrossregionwithactionroleMyBucketBDA230BF"
                  }
                ],
                "Name": "CFN_Deploy",
                "OutputArtifacts": [],
                "RoleArn": {
                  "Fn::GetAtt": [
                    "ActionRole60B0EDF7",
                    "Arn"
                  ]
                },
                "RunOrder": 1
              }
            ],
            "Name": "CFN"
          }
        ],
        "ArtifactStore": {
          "Location": {
            "Ref": "MyBucketF68F3FF0"
          },
          "Type": "S3"
        }
      },
      "DependsOn": [
        "MyPipelineRoleDefaultPolicy34F09EFA",
        "MyPipelineRoleC0D47CA4"
      ]
    },
    "ActionRole60B0EDF7": {
      "Type": "AWS::IAM::Role",
      "Properties": {
        "AssumeRolePolicyDocument": {
          "Statement": [
            {
              "Action": "sts:AssumeRole",
              "Effect": "Allow",
              "Principal": {
                "AWS": {
                  "Fn::Join": [
                    "",
                    [
                      "arn:",
                      {
                        "Ref": "AWS::Partition"
                      },
                      ":iam::",
                      {
                        "Ref": "AWS::AccountId"
                      },
                      ":root"
                    ]
                  ]
                }
              }
            }
          ],
          "Version": "2012-10-17"
        }
      }
    },
    "ActionRoleDefaultPolicyCA33BE56": {
      "Type": "AWS::IAM::Policy",
      "Properties": {
        "PolicyDocument": {
          "Statement": [
            {
              "Action": "sqs:*",
              "Effect": "Allow",
              "Resource": "*"
            }
          ],
          "Version": "2012-10-17"
        },
        "PolicyName": "ActionRoleDefaultPolicyCA33BE56",
        "Roles": [
          {
            "Ref": "ActionRole60B0EDF7"
          }
        ]
      }
    },
    "MyPipelineCFNCFNDeployRole9CC99B3F": {
      "Type": "AWS::IAM::Role",
      "Properties": {
        "AssumeRolePolicyDocument": {
          "Statement": [
            {
              "Action": "sts:AssumeRole",
              "Effect": "Allow",
              "Principal": {
                "Service": "cloudformation.amazonaws.com"
              }
            }
          ],
          "Version": "2012-10-17"
        }
      }
    }
  }
}
