{
  "Resources": {
    "SubmitJobFB773A16": {
      "Type": "AWS::StepFunctions::Activity",
      "Properties": {
        "Name": "awsstepfunctionsintegSubmitJobA2508960"
      }
    },
    "CheckJob5FFC1D6F": {
      "Type": "AWS::StepFunctions::Activity",
      "Properties": {
        "Name": "awsstepfunctionsintegCheckJobC4AC762D"
      }
    },
    "StateMachineRoleB840431D": {
      "Type": "AWS::IAM::Role",
      "Properties": {
        "AssumeRolePolicyDocument": {
          "Statement": [
            {
              "Action": "sts:AssumeRole",
              "Effect": "Allow",
              "Principal": {
                "Service": {
                  "Fn::Join": [
                    "",
                    [
                      "states.",
                      {
                        "Ref": "AWS::Region"
                      },
                      ".amazonaws.com"
                    ]
                  ]
                }
              }
            }
          ],
          "Version": "2012-10-17"
        }
      }
    },
    "StateMachine2E01A3A5": {
      "Type": "AWS::StepFunctions::StateMachine",
      "Properties": {
        "RoleArn": {
          "Fn::GetAtt": [
            "StateMachineRoleB840431D",
            "Arn"
          ]
        },
        "DefinitionString": {
          "Fn::Join": [
            "",
            [
              "{\"StartAt\":\"Submit Job\",\"States\":{\"Submit Job\":{\"Next\":\"Wait X Seconds\",\"Type\":\"Task\",\"ResultPath\":\"$.guid\",\"Resource\":\"",
              {
                "Ref": "SubmitJobFB773A16"
              },
              "\"},\"Wait X Seconds\":{\"Type\":\"Wait\",\"SecondsPath\":\"$.wait_time\",\"Next\":\"Get Job Status\"},\"Get Job Status\":{\"Next\":\"Job Complete?\",\"Type\":\"Task\",\"InputPath\":\"$.guid\",\"ResultPath\":\"$.status\",\"Resource\":\"",
              {
                "Ref": "CheckJob5FFC1D6F"
              },
              "\"},\"Job Complete?\":{\"Type\":\"Choice\",\"Choices\":[{\"Variable\":\"$.status\",\"StringEquals\":\"FAILED\",\"Next\":\"Job Failed\"},{\"Variable\":\"$.status\",\"StringEquals\":\"SUCCEEDED\",\"Next\":\"Get Final Job Status\"}],\"Default\":\"Wait X Seconds\"},\"Job Failed\":{\"Type\":\"Fail\",\"Error\":\"DescribeJob returned FAILED\",\"Cause\":\"AWS Batch Job Failed\"},\"Get Final Job Status\":{\"End\":true,\"Type\":\"Task\",\"InputPath\":\"$.guid\",\"Resource\":\"",
              {
                "Ref": "CheckJob5FFC1D6F"
              },
              "\"}},\"TimeoutSeconds\":300}"
            ]
          ]
        }
      },
      "DependsOn": [
        "StateMachineRoleB840431D"
      ]
    }
  },
  "Outputs": {
    "stateMachineArn": {
      "Value": {
        "Ref": "StateMachine2E01A3A5"
      }
    }
  }
}