{
  "Resources": {
    "echohandlerServiceRole833A8F7A": {
      "Type": "AWS::IAM::Role",
      "Properties": {
        "AssumeRolePolicyDocument": {
          "Statement": [
            {
              "Action": "sts:AssumeRole",
              "Effect": "Allow",
              "Principal": {
                "Service": "lambda.amazonaws.com"
              }
            }
          ],
          "Version": "2012-10-17"
        },
        "ManagedPolicyArns": [
          {
            "Fn::Join": [
              "",
              [
                "arn:",
                {
                  "Ref": "AWS::Partition"
                },
                ":iam::aws:policy/service-role/AWSLambdaBasicExecutionRole"
              ]
            ]
          }
        ]
      }
    },
    "echohandler8F648AB2": {
      "Type": "AWS::Lambda::Function",
      "Properties": {
        "Code": {
          "ZipFile": "exports.handler = async function(event, context) { return { statusCode: 200, headers: { \"content-type\": \"application/json\"  }, body: JSON.stringify(event) }; };"
        },
        "Handler": "index.handler",
        "Role": {
          "Fn::GetAtt": [
            "echohandlerServiceRole833A8F7A",
            "Arn"
          ]
        },
        "Runtime": "nodejs12.x"
      },
      "DependsOn": [
        "echohandlerServiceRole833A8F7A"
      ]
    },
    "DNFDC76583": {
      "Type": "AWS::ApiGatewayV2::DomainName",
      "Properties": {
        "DomainName": "apigv2.demo.com",
        "DomainNameConfigurations": [
          {
            "CertificateArn": "arn:aws:acm:us-east-1:111111111111:certificate",
            "EndpointType": "REGIONAL"
          }
        ]
      }
    },
    "HttpProxyProdApi368B6161": {
      "Type": "AWS::ApiGatewayV2::Api",
      "Properties": {
        "Name": "HttpProxyProdApi",
        "ProtocolType": "HTTP"
      }
    },
    "HttpProxyProdApiDefaultRouteinteghttpproxyHttpProxyProdApiDefaultRoute20082F68PermissionB29E0EB7": {
      "Type": "AWS::Lambda::Permission",
      "Properties": {
        "Action": "lambda:InvokeFunction",
        "FunctionName": {
          "Fn::GetAtt": [
            "echohandler8F648AB2",
            "Arn"
          ]
        },
        "Principal": "apigateway.amazonaws.com",
        "SourceArn": {
          "Fn::Join": [
            "",
            [
              "arn:",
              {
                "Ref": "AWS::Partition"
              },
              ":execute-api:",
              {
                "Ref": "AWS::Region"
              },
              ":",
              {
                "Ref": "AWS::AccountId"
              },
              ":",
              {
                "Ref": "HttpProxyProdApi368B6161"
              },
              "/*/*"
            ]
          ]
        }
      }
    },
    "HttpProxyProdApiDefaultRouteDefaultRouteIntegration702F0DF7": {
      "Type": "AWS::ApiGatewayV2::Integration",
      "Properties": {
        "ApiId": {
          "Ref": "HttpProxyProdApi368B6161"
        },
        "IntegrationType": "AWS_PROXY",
        "IntegrationUri": {
          "Fn::GetAtt": [
            "echohandler8F648AB2",
            "Arn"
          ]
        },
        "PayloadFormatVersion": "2.0"
      }
    },
    "HttpProxyProdApiDefaultRoute40EFC108": {
      "Type": "AWS::ApiGatewayV2::Route",
      "Properties": {
        "ApiId": {
          "Ref": "HttpProxyProdApi368B6161"
        },
        "RouteKey": "$default",
        "Target": {
          "Fn::Join": [
            "",
            [
              "integrations/",
              {
                "Ref": "HttpProxyProdApiDefaultRouteDefaultRouteIntegration702F0DF7"
              }
            ]
          ]
        }
      }
    },
    "HttpProxyProdApiDefaultStage0038B180": {
      "Type": "AWS::ApiGatewayV2::Stage",
      "Properties": {
        "ApiId": {
          "Ref": "HttpProxyProdApi368B6161"
        },
        "StageName": "$default",
        "AutoDeploy": true
      },
      "DependsOn": [
        "DNFDC76583"
      ]
    },
    "HttpProxyProdApiDefaultStageinteghttpproxyDNfoo38514765": {
      "Type": "AWS::ApiGatewayV2::ApiMapping",
      "Properties": {
        "ApiId": {
          "Ref": "HttpProxyProdApi368B6161"
        },
        "DomainName": "apigv2.demo.com",
        "Stage": "$default",
        "ApiMappingKey": "foo"
      },
      "DependsOn": [
        "DNFDC76583",
        "HttpProxyProdApiDefaultStage0038B180"
      ]
    },
    "HttpProxyProdApiBetaStage7074CBDF": {
      "Type": "AWS::ApiGatewayV2::Stage",
      "Properties": {
        "ApiId": {
          "Ref": "HttpProxyProdApi368B6161"
        },
        "StageName": "beta",
        "AutoDeploy": true
      },
      "DependsOn": [
        "DNFDC76583"
      ]
    },
    "HttpProxyProdApiBetaStageinteghttpproxyDNbarA0E8C5B4": {
      "Type": "AWS::ApiGatewayV2::ApiMapping",
      "Properties": {
        "ApiId": {
          "Ref": "HttpProxyProdApi368B6161"
        },
        "DomainName": "apigv2.demo.com",
        "Stage": "beta",
        "ApiMappingKey": "bar"
      },
      "DependsOn": [
        "DNFDC76583",
        "HttpProxyProdApiBetaStage7074CBDF"
      ]
    },
    "DemoApiE67238F8": {
      "Type": "AWS::ApiGatewayV2::Api",
      "Properties": {
        "Name": "DemoApi",
        "ProtocolType": "HTTP"
      }
    },
    "DemoApiDefaultRouteinteghttpproxyDemoApiDefaultRoute050CFFE6PermissionB1FE82E7": {
      "Type": "AWS::Lambda::Permission",
      "Properties": {
        "Action": "lambda:InvokeFunction",
        "FunctionName": {
          "Fn::GetAtt": [
            "echohandler8F648AB2",
            "Arn"
          ]
        },
        "Principal": "apigateway.amazonaws.com",
        "SourceArn": {
          "Fn::Join": [
            "",
            [
              "arn:",
              {
                "Ref": "AWS::Partition"
              },
              ":execute-api:",
              {
                "Ref": "AWS::Region"
              },
              ":",
              {
                "Ref": "AWS::AccountId"
              },
              ":",
              {
                "Ref": "DemoApiE67238F8"
              },
              "/*/*"
            ]
          ]
        }
      }
    },
    "DemoApiDefaultRouteDefaultRouteIntegration714B9B03": {
      "Type": "AWS::ApiGatewayV2::Integration",
      "Properties": {
        "ApiId": {
          "Ref": "DemoApiE67238F8"
        },
        "IntegrationType": "AWS_PROXY",
        "IntegrationUri": {
          "Fn::GetAtt": [
            "echohandler8F648AB2",
            "Arn"
          ]
        },
        "PayloadFormatVersion": "2.0"
      }
    },
    "DemoApiDefaultRouteF8069A72": {
      "Type": "AWS::ApiGatewayV2::Route",
      "Properties": {
        "ApiId": {
          "Ref": "DemoApiE67238F8"
        },
        "RouteKey": "$default",
        "Target": {
          "Fn::Join": [
            "",
            [
              "integrations/",
              {
                "Ref": "DemoApiDefaultRouteDefaultRouteIntegration714B9B03"
              }
            ]
          ]
        }
      }
    },
    "DemoApiDefaultStage5FCE2787": {
      "Type": "AWS::ApiGatewayV2::Stage",
      "Properties": {
        "ApiId": {
          "Ref": "DemoApiE67238F8"
        },
        "StageName": "$default",
        "AutoDeploy": true
      },
      "DependsOn": [
        "DNFDC76583"
      ]
    },
    "DemoApiDefaultStageinteghttpproxyDNdemo045504F3": {
      "Type": "AWS::ApiGatewayV2::ApiMapping",
      "Properties": {
        "ApiId": {
          "Ref": "DemoApiE67238F8"
        },
        "DomainName": "apigv2.demo.com",
        "Stage": "$default",
        "ApiMappingKey": "demo"
      },
      "DependsOn": [
        "DemoApiDefaultStage5FCE2787",
        "DNFDC76583"
      ]
    }
  },
  "Outputs": {
    "RegionalDomainName": {
      "Value": {
        "Fn::GetAtt": [
          "DNFDC76583",
          "RegionalDomainName"
        ]
      }
    },
    "DomainName": {
      "Value": "apigv2.demo.com"
    },
    "CustomUDomainURL": {
      "Value": "https://apigv2.demo.com"
    },
    "ProdApiDefaultStageURL": {
      "Value": "https://apigv2.demo.com/foo"
    },
    "ProdApiBetaStageURL": {
      "Value": "https://apigv2.demo.com/bar"
    },
    "DemoApiDefaultStageURL": {
      "Value": "https://apigv2.demo.com/demo"
    }
  }
}