{
  "Resources": {
    "OneWeekServiceRole05A6F9F8": {
      "Type": "AWS::IAM::Role",
      "Properties": {
        "AssumeRolePolicyDocument": {
          "Statement": [
            {
              "Action": "sts:AssumeRole",
              "Effect": "Allow",
              "Principal": {
                "Service": "lambda.amazonaws.com"
              }
            }
          ],
          "Version": "2012-10-17"
        },
        "ManagedPolicyArns": [
          {
            "Fn::Join": [
              "",
              [
                "arn:",
                {
                  "Ref": "AWS::Partition"
                },
                ":iam::aws:policy/service-role/AWSLambdaBasicExecutionRole"
              ]
            ]
          }
        ]
      }
    },
    "OneWeekFE56F6A4": {
      "Type": "AWS::Lambda::Function",
      "Properties": {
        "Code": {
          "ZipFile": "exports.handler = (event) => console.log(JSON.stringify(event));"
        },
        "Handler": "index.handler",
        "Role": {
          "Fn::GetAtt": [
            "OneWeekServiceRole05A6F9F8",
            "Arn"
          ]
        },
        "Runtime": "nodejs10.x"
      },
      "DependsOn": [
        "OneWeekServiceRole05A6F9F8"
      ]
    },
    "OneWeekLogRetention8E8911C1": {
      "Type": "Custom::LogRetention",
      "Properties": {
        "ServiceToken": {
          "Fn::GetAtt": [
            "LogRetentionaae0aa3c5b4d4f87b02d85b201efdd8aFD4BFC8A",
            "Arn"
          ]
        },
        "LogGroupName": {
          "Fn::Join": [
            "",
            [
              "/aws/lambda/",
              {
                "Ref": "OneWeekFE56F6A4"
              }
            ]
          ]
        },
        "RetentionInDays": 7
      }
    },
    "LogRetentionaae0aa3c5b4d4f87b02d85b201efdd8aServiceRole9741ECFB": {
      "Type": "AWS::IAM::Role",
      "Properties": {
        "AssumeRolePolicyDocument": {
          "Statement": [
            {
              "Action": "sts:AssumeRole",
              "Effect": "Allow",
              "Principal": {
                "Service": "lambda.amazonaws.com"
              }
            }
          ],
          "Version": "2012-10-17"
        },
        "ManagedPolicyArns": [
          {
            "Fn::Join": [
              "",
              [
                "arn:",
                {
                  "Ref": "AWS::Partition"
                },
                ":iam::aws:policy/service-role/AWSLambdaBasicExecutionRole"
              ]
            ]
          }
        ]
      }
    },
    "LogRetentionaae0aa3c5b4d4f87b02d85b201efdd8aServiceRoleDefaultPolicyADDA7DEB": {
      "Type": "AWS::IAM::Policy",
      "Properties": {
        "PolicyDocument": {
          "Statement": [
            {
              "Action": [
                "logs:PutRetentionPolicy",
                "logs:DeleteRetentionPolicy"
              ],
              "Effect": "Allow",
              "Resource": "*"
            }
          ],
          "Version": "2012-10-17"
        },
        "PolicyName": "LogRetentionaae0aa3c5b4d4f87b02d85b201efdd8aServiceRoleDefaultPolicyADDA7DEB",
        "Roles": [
          {
            "Ref": "LogRetentionaae0aa3c5b4d4f87b02d85b201efdd8aServiceRole9741ECFB"
          }
        ]
      }
    },
    "LogRetentionaae0aa3c5b4d4f87b02d85b201efdd8aFD4BFC8A": {
      "Type": "AWS::Lambda::Function",
      "Properties": {
        "Code": {
          "S3Bucket": {
            "Ref": "AssetParameters11aa2ce8971716ca7c8d28d472ab5e937131e78e136d0de8f4997fb11c4de847S3Bucket46EF559D"
          },
          "S3Key": {
            "Fn::Join": [
              "",
              [
                {
                  "Fn::Select": [
                    0,
                    {
                      "Fn::Split": [
                        "||",
                        {
                          "Ref": "AssetParameters11aa2ce8971716ca7c8d28d472ab5e937131e78e136d0de8f4997fb11c4de847S3VersionKey68B7BF84"
                        }
                      ]
                    }
                  ]
                },
                {
                  "Fn::Select": [
                    1,
                    {
                      "Fn::Split": [
                        "||",
                        {
                          "Ref": "AssetParameters11aa2ce8971716ca7c8d28d472ab5e937131e78e136d0de8f4997fb11c4de847S3VersionKey68B7BF84"
                        }
                      ]
                    }
                  ]
                }
              ]
            ]
          }
        },
        "Handler": "index.handler",
        "Role": {
          "Fn::GetAtt": [
            "LogRetentionaae0aa3c5b4d4f87b02d85b201efdd8aServiceRole9741ECFB",
            "Arn"
          ]
        },
        "Runtime": "nodejs12.x"
      },
      "DependsOn": [
        "LogRetentionaae0aa3c5b4d4f87b02d85b201efdd8aServiceRoleDefaultPolicyADDA7DEB",
        "LogRetentionaae0aa3c5b4d4f87b02d85b201efdd8aServiceRole9741ECFB"
      ]
    },
    "OneMonthServiceRoleFBD1064F": {
      "Type": "AWS::IAM::Role",
      "Properties": {
        "AssumeRolePolicyDocument": {
          "Statement": [
            {
              "Action": "sts:AssumeRole",
              "Effect": "Allow",
              "Principal": {
                "Service": "lambda.amazonaws.com"
              }
            }
          ],
          "Version": "2012-10-17"
        },
        "ManagedPolicyArns": [
          {
            "Fn::Join": [
              "",
              [
                "arn:",
                {
                  "Ref": "AWS::Partition"
                },
                ":iam::aws:policy/service-role/AWSLambdaBasicExecutionRole"
              ]
            ]
          }
        ]
      }
    },
    "OneMonth64E966BF": {
      "Type": "AWS::Lambda::Function",
      "Properties": {
        "Code": {
          "ZipFile": "exports.handler = (event) => console.log(JSON.stringify(event));"
        },
        "Handler": "index.handler",
        "Role": {
          "Fn::GetAtt": [
            "OneMonthServiceRoleFBD1064F",
            "Arn"
          ]
        },
        "Runtime": "nodejs10.x"
      },
      "DependsOn": [
        "OneMonthServiceRoleFBD1064F"
      ]
    },
    "OneMonthLogRetention814A40D9": {
      "Type": "Custom::LogRetention",
      "Properties": {
        "ServiceToken": {
          "Fn::GetAtt": [
            "LogRetentionaae0aa3c5b4d4f87b02d85b201efdd8aFD4BFC8A",
            "Arn"
          ]
        },
        "LogGroupName": {
          "Fn::Join": [
            "",
            [
              "/aws/lambda/",
              {
                "Ref": "OneMonth64E966BF"
              }
            ]
          ]
        },
        "RetentionInDays": 30
      }
    },
    "OneYearServiceRole24D47762": {
      "Type": "AWS::IAM::Role",
      "Properties": {
        "AssumeRolePolicyDocument": {
          "Statement": [
            {
              "Action": "sts:AssumeRole",
              "Effect": "Allow",
              "Principal": {
                "Service": "lambda.amazonaws.com"
              }
            }
          ],
          "Version": "2012-10-17"
        },
        "ManagedPolicyArns": [
          {
            "Fn::Join": [
              "",
              [
                "arn:",
                {
                  "Ref": "AWS::Partition"
                },
                ":iam::aws:policy/service-role/AWSLambdaBasicExecutionRole"
              ]
            ]
          }
        ]
      }
    },
    "OneYearA82EBDA9": {
      "Type": "AWS::Lambda::Function",
      "Properties": {
        "Code": {
          "ZipFile": "exports.handler = (event) => console.log(JSON.stringify(event));"
        },
        "Handler": "index.handler",
        "Role": {
          "Fn::GetAtt": [
            "OneYearServiceRole24D47762",
            "Arn"
          ]
        },
        "Runtime": "nodejs10.x"
      },
      "DependsOn": [
        "OneYearServiceRole24D47762"
      ]
    },
    "OneYearLogRetentionBD83A067": {
      "Type": "Custom::LogRetention",
      "Properties": {
        "ServiceToken": {
          "Fn::GetAtt": [
            "LogRetentionaae0aa3c5b4d4f87b02d85b201efdd8aFD4BFC8A",
            "Arn"
          ]
        },
        "LogGroupName": {
          "Fn::Join": [
            "",
            [
              "/aws/lambda/",
              {
                "Ref": "OneYearA82EBDA9"
              }
            ]
          ]
        },
        "RetentionInDays": 365
      }
    }
  },
  "Parameters": {
    "AssetParameters11aa2ce8971716ca7c8d28d472ab5e937131e78e136d0de8f4997fb11c4de847S3Bucket46EF559D": {
      "Type": "String",
      "Description": "S3 bucket for asset \"11aa2ce8971716ca7c8d28d472ab5e937131e78e136d0de8f4997fb11c4de847\""
    },
    "AssetParameters11aa2ce8971716ca7c8d28d472ab5e937131e78e136d0de8f4997fb11c4de847S3VersionKey68B7BF84": {
      "Type": "String",
      "Description": "S3 key for asset version \"11aa2ce8971716ca7c8d28d472ab5e937131e78e136d0de8f4997fb11c4de847\""
    },
    "AssetParameters11aa2ce8971716ca7c8d28d472ab5e937131e78e136d0de8f4997fb11c4de847ArtifactHash27BA7171": {
      "Type": "String",
      "Description": "Artifact hash for asset \"11aa2ce8971716ca7c8d28d472ab5e937131e78e136d0de8f4997fb11c4de847\""
    }
  }
}
