// Jest Snapshot v1, https://goo.gl/fbAQLP

exports[`esbuild bundling with esbuild options 1`] = `
"(() => {
  // test/integ-handlers/define.ts
  function handler() {
    return [
      \\"VALUE\\",
      true,
      7777,
      'this is a \\"test\\"'
    ];
  }
})();
"
`;
